;Protocolo InSub4 CONTADORES-TACTIL-ESTIMULOS MUDOS

FULLSCREEN true
USE_MATRIX true
USE_EEG true

; Videos
; MARCA 1 => INICIO DE VIDEO
; MARCA 2 => ESTIMULO SUBTITULO
; MARCA 3 => ESTIMULO AUDIO
; MARCA 4 => ESTIMULO TACIL
; MARCA 5 => ESTIMULO MUDO

INICIAR inicio-experimento-insub.png
ESPERAR 3000

; Lanzar el video y esperar la introduccion (poner en pantalla completa)
lanzar "F2_H264.mp4"
ESPERAR 5000

;Video SUBTITULO
MARCAR 1
ESPERAR 5567
MARCAR 2
ESPERAR 4433


;Video AUDIO
MARCAR 1
ESPERAR 2300
MARCAR 3
ESPERAR 7700


;Video TACTIL
MARCAR 1
ESPERAR 4290
MARCAR 4
TACTIL
ESPERAR 5710


;Video MUDO
MARCAR 1
ESPERAR 2200
MARCAR 5
ESPERAR 7800


;Video MUDO
MARCAR 1
ESPERAR 5633
MARCAR 5
ESPERAR 4367


;Video SUBTITULO
MARCAR 1
ESPERAR 3733
MARCAR 2
ESPERAR 6267


;Video AUDIO
MARCAR 1
ESPERAR 4233
MARCAR 3
ESPERAR 5767


;Video TACTIL
MARCAR 1
ESPERAR 2397
MARCAR 4
TACTIL
ESPERAR 7603


;Video SUBTITULO
MARCAR 1
ESPERAR 4867
MARCAR 2
ESPERAR 5133


;Video TACTIL
MARCAR 1
ESPERAR 2252
MARCAR 4
TACTIL
ESPERAR 7748


;Video AUDIO
MARCAR 1
ESPERAR 4330
MARCAR 3
ESPERAR 5670


;Video TACTIL
MARCAR 1
ESPERAR 5397
MARCAR 4
TACTIL
ESPERAR 4603


;Video MUDO
MARCAR 1
ESPERAR 2400
MARCAR 5
ESPERAR 7600


;Video TACTIL
MARCAR 1
ESPERAR 6253
MARCAR 4
TACTIL
ESPERAR 3747


;Video MUDO
MARCAR 1
ESPERAR 6000
MARCAR 5
ESPERAR 4000


;Video MUDO
MARCAR 1
ESPERAR 5600
MARCAR 5
ESPERAR 4400


;Video TACTIL
MARCAR 1
ESPERAR 4197
MARCAR 4
TACTIL
ESPERAR 5803


;Video SUBTITULO
MARCAR 1
ESPERAR 4000
MARCAR 2
ESPERAR 6000


;Video AUDIO
MARCAR 1
ESPERAR 4700
MARCAR 3
ESPERAR 5300


;Video SUBTITULO
MARCAR 1
ESPERAR 2467
MARCAR 2
ESPERAR 7533


;Video SUBTITULO
MARCAR 1
ESPERAR 2300
MARCAR 2
ESPERAR 7700


;Video MUDO
MARCAR 1
ESPERAR 5233
MARCAR 5
ESPERAR 4767


;Video MUDO
MARCAR 1
ESPERAR 4000
MARCAR 5
ESPERAR 6000


;Video SUBTITULO
MARCAR 1
ESPERAR 5233
MARCAR 2
ESPERAR 4767


;Video TACTIL
MARCAR 1
ESPERAR 4273
MARCAR 4
TACTIL
ESPERAR 5727


;Video MUDO
MARCAR 1
ESPERAR 3633
MARCAR 5
ESPERAR 6367


;Video TACTIL
MARCAR 1
ESPERAR 4357
MARCAR 4
TACTIL
ESPERAR 5643


;Video SUBTITULO
MARCAR 1
ESPERAR 5867
MARCAR 2
ESPERAR 4133


;Video MUDO
MARCAR 1
ESPERAR 4667
MARCAR 5
ESPERAR 5333



TERMINAR
