;Protocolo InSub4 CONTADORES-TACTIL-ESTIMULOS MUDOS

FULLSCREEN true
USE_MATRIX false
USE_EEG true

; Videos
; MARCA 1 => INICIO DE VIDEO
; MARCA 2 => ESTIMULO SUBTITULO
; MARCA 3 => ESTIMULO AUDIO
; MARCA 4 => ESTIMULO TACIL
; MARCA 5 => ESTIMULO MUDO

INICIAR inicio-experimento-insub.png
ESPERAR 3000

; Lanzar el video y esperar la introduccion (poner en pantalla completa)
lanzar "F1_H264.mp4"
ESPERAR 5000

;Video MUDO
MARCAR 1
ESPERAR 4300
MARCAR 5
ESPERAR 5700


;Video SUBTITULO
MARCAR 1
ESPERAR 5233
MARCAR 2
ESPERAR 4767


;Video MUDO
MARCAR 1
ESPERAR 5233
MARCAR 5
ESPERAR 4767


;Video MUDO
MARCAR 1
ESPERAR 4233
MARCAR 5
ESPERAR 5767


;Video AUDIO
MARCAR 1
ESPERAR 3400
MARCAR 3
ESPERAR 6600


;Video TACTIL
MARCAR 1
ESPERAR 4339
MARCAR 4
TACTIL
ESPERAR 5661


;Video AUDIO
MARCAR 1
ESPERAR 4667
MARCAR 3
ESPERAR 5333


;Video TACTIL
MARCAR 1
ESPERAR 3213
MARCAR 4
TACTIL
ESPERAR 6787


;Video AUDIO
MARCAR 1
ESPERAR 3000
MARCAR 3
ESPERAR 7000


;Video SUBTITULO
MARCAR 1
ESPERAR 4233
MARCAR 2
ESPERAR 5767


;Video AUDIO
MARCAR 1
ESPERAR 5233
MARCAR 3
ESPERAR 4767


;Video SUBTITULO
MARCAR 1
ESPERAR 4330
MARCAR 2
ESPERAR 5670


;Video AUDIO
MARCAR 1
ESPERAR 2233
MARCAR 3
ESPERAR 7767


;Video MUDO
MARCAR 1
ESPERAR 6500
MARCAR 5
ESPERAR 3500


;Video SUBTITULO
MARCAR 1
ESPERAR 4367
MARCAR 2
ESPERAR 5633


;Video AUDIO
MARCAR 1
ESPERAR 4367
MARCAR 3
ESPERAR 5633


;Video TACTIL
MARCAR 1
ESPERAR 6066
MARCAR 4
TACTIL
ESPERAR 3934


;Video AUDIO
MARCAR 1
ESPERAR 4300
MARCAR 3
ESPERAR 5700


;Video AUDIO
MARCAR 1
ESPERAR 4000
MARCAR 3
ESPERAR 6000


;Video TACTIL
MARCAR 1
ESPERAR 5459
MARCAR 4
TACTIL
ESPERAR 4541


;Video AUDIO
MARCAR 1
ESPERAR 5633
MARCAR 3
ESPERAR 4367


;Video AUDIO
MARCAR 1
ESPERAR 4667
MARCAR 3
ESPERAR 5333


;Video MUDO
MARCAR 1
ESPERAR 3733
MARCAR 5
ESPERAR 6267


;Video TACTIL
MARCAR 1
ESPERAR 4290
MARCAR 4
TACTIL
ESPERAR 5710


;Video MUDO
MARCAR 1
ESPERAR 2500
MARCAR 5
ESPERAR 7500


;Video TACTIL
MARCAR 1
ESPERAR 2331
MARCAR 4
TACTIL
ESPERAR 7669


;Video AUDIO
MARCAR 1
ESPERAR 2467
MARCAR 3
ESPERAR 7533


;Video MUDO
MARCAR 1
ESPERAR 4330
MARCAR 5
ESPERAR 5670


;Video TACTIL
MARCAR 1
ESPERAR 3460
MARCAR 4
TACTIL
ESPERAR 6540


;Video SUBTITULO
MARCAR 1
ESPERAR 4167
MARCAR 2
ESPERAR 5833


;Video TACTIL
MARCAR 1
ESPERAR 4330
MARCAR 4
TACTIL
ESPERAR 5670

TERMINAR