;Protocolo InSub4 CONTADORES-TACTIL-ESTIMULOS MUDOS

; Videos
; MARCA 1 => INICIO DE VIDEO
; MARCA 2 => ESTIMULO SUBTITULO
; MARCA 3 => ESTIMULO AUDIO
; MARCA 4 => ESTIMULO TACIL
; MARCA 5 => ESTIMULO MUDO

INICIAR inicio-experimento-insub.png
ESPERAR 3000

; Lanzar el video y esperar la introduccion (poner en pantalla completa)
lanzar "F3_H264.mp4"
ESPERAR 5000

;Video AUDIO
MARCAR 1
ESPERAR 6000
MARCAR 3
ESPERAR 4000


;Video MUDO
MARCAR 1
ESPERAR 4167
MARCAR 5
ESPERAR 5833


;Video TACTIL
MARCAR 1
ESPERAR 4250
MARCAR 4
TACTIL
ESPERAR 5750


;Video MUDO
MARCAR 1
ESPERAR 6133
MARCAR 5
ESPERAR 3867


;Video AUDIO
MARCAR 1
ESPERAR 5867
MARCAR 3
ESPERAR 4133


;Video SUBTITULO
MARCAR 1
ESPERAR 4667
MARCAR 2
ESPERAR 5333


;Video MUDO
MARCAR 1
ESPERAR 2930
MARCAR 5
ESPERAR 7070


;Video MUDO
MARCAR 1
ESPERAR 4367
MARCAR 5
ESPERAR 5633


;Video MUDO
MARCAR 1
ESPERAR 4233
MARCAR 5
ESPERAR 5767


;Video TACTIL
MARCAR 1
ESPERAR 2228
MARCAR 4
TACTIL
ESPERAR 7772


;Video SUBTITULO
MARCAR 1
ESPERAR 6000
MARCAR 2
ESPERAR 4000


;Video AUDIO
MARCAR 1
ESPERAR 3733
MARCAR 3
ESPERAR 6267


;Video TACTIL
MARCAR 1
ESPERAR 5422
MARCAR 4
TACTIL
ESPERAR 4578


;Video AUDIO
MARCAR 1
ESPERAR 4467
MARCAR 3
ESPERAR 5533


;Video SUBTITULO
MARCAR 1
ESPERAR 3633
MARCAR 2
ESPERAR 6367


;Video AUDIO
MARCAR 1
ESPERAR 4867
MARCAR 3
ESPERAR 5133


;Video AUDIO
MARCAR 1
ESPERAR 5233
MARCAR 3
ESPERAR 4767


;Video SUBTITULO
MARCAR 1
ESPERAR 4667
MARCAR 2
ESPERAR 5333


;Video MUDO
MARCAR 1
ESPERAR 2467
MARCAR 5
ESPERAR 7533


;Video SUBTITULO
MARCAR 1
ESPERAR 2930
MARCAR 2
ESPERAR 7070


;Video SUBTITULO
MARCAR 1
ESPERAR 4233
MARCAR 2
ESPERAR 5767


;Video TACTIL
MARCAR 1
ESPERAR 5081
MARCAR 4
TACTIL
ESPERAR 4919


;Video AUDIO
MARCAR 1
ESPERAR 3600
MARCAR 3
ESPERAR 6400


;Video SUBTITULO
MARCAR 1
ESPERAR 5600
MARCAR 2
ESPERAR 4400


;Video AUDIO
MARCAR 1
ESPERAR 5633
MARCAR 3
ESPERAR 4367


;Video MUDO
MARCAR 1
ESPERAR 4667
MARCAR 5
ESPERAR 5333


;Video MUDO
MARCAR 1
ESPERAR 6100
MARCAR 5
ESPERAR 3900


;Video MUDO
MARCAR 1
ESPERAR 5567
MARCAR 5
ESPERAR 4433


;Video SUBTITULO
MARCAR 1
ESPERAR 2500
MARCAR 2
ESPERAR 7500


;Video AUDIO
MARCAR 1
ESPERAR 6100
MARCAR 3
ESPERAR 3900


TERMINAR