;Protocolo InSub4 CONTADORES-TACTIL-ESTIMULOS MUDOS

; Videos
; MARCA 1 => INICIO DE VIDEO
; MARCA 2 => ESTIMULO SUBTITULO
; MARCA 3 => ESTIMULO AUDIO
; MARCA 4 => ESTIMULO TACIL
; MARCA 5 => ESTIMULO MUDO

INICIAR inicio-experimento-insub.png
ESPERAR 3000

; Lanzar el video y esperar la introduccion (poner en pantalla completa)
lanzar "F5_H264.mp4"
ESPERAR 5000

;Video MUDO
MARCAR 1
ESPERAR 2233
MARCAR 5
ESPERAR 7767


;Video MUDO
MARCAR 1
ESPERAR 3400
MARCAR 5
ESPERAR 6600


;Video TACTIL
MARCAR 1
ESPERAR 2139
MARCAR 4
TACTIL
ESPERAR 7861


;Video SUBTITULO
MARCAR 1
ESPERAR 4700
MARCAR 2
ESPERAR 5300


;Video MUDO
MARCAR 1
ESPERAR 4467
MARCAR 5
ESPERAR 5533


;Video MUDO
MARCAR 1
ESPERAR 2767
MARCAR 5
ESPERAR 7233


;Video TACTIL
MARCAR 1
ESPERAR 3348
MARCAR 4
TACTIL
ESPERAR 6652


;Video MUDO
MARCAR 1
ESPERAR 4867
MARCAR 5
ESPERAR 5133


;Video SUBTITULO
MARCAR 1
ESPERAR 5567
MARCAR 2
ESPERAR 4433


;Video TACTIL
MARCAR 1
ESPERAR 5438
MARCAR 4
TACTIL
ESPERAR 4562


;Video TACTIL
MARCAR 1
ESPERAR 4433
MARCAR 4
TACTIL
ESPERAR 5567


;Video AUDIO
MARCAR 1
ESPERAR 5600
MARCAR 3
ESPERAR 4400


;Video TACTIL
MARCAR 1
ESPERAR 3137
MARCAR 4
TACTIL
ESPERAR 6863


;Video AUDIO
MARCAR 1
ESPERAR 2500
MARCAR 3
ESPERAR 7500


;Video SUBTITULO
MARCAR 1
ESPERAR 4467
MARCAR 2
ESPERAR 5533


;Video SUBTITULO
MARCAR 1
ESPERAR 2200
MARCAR 2
ESPERAR 7800


;Video MUDO
MARCAR 1
ESPERAR 4467
MARCAR 5
ESPERAR 5533


;Video TACTIL
MARCAR 1
ESPERAR 3412
MARCAR 4
TACTIL
ESPERAR 6588


;Video SUBTITULO
MARCAR 1
ESPERAR 4000
MARCAR 2
ESPERAR 6000


;Video AUDIO
MARCAR 1
ESPERAR 4167
MARCAR 3
ESPERAR 5833


;Video SUBTITULO
MARCAR 1
ESPERAR 2400
MARCAR 2
ESPERAR 7600


;Video TACTIL
MARCAR 1
ESPERAR 4121
MARCAR 4
TACTIL
ESPERAR 5879


;Video MUDO
MARCAR 1
ESPERAR 5567
MARCAR 5
ESPERAR 4433


;Video MUDO
MARCAR 1
ESPERAR 4700
MARCAR 5
ESPERAR 5300


;Video TACTIL
MARCAR 1
ESPERAR 5177
MARCAR 4
TACTIL
ESPERAR 4823


;Video SUBTITULO
MARCAR 1
ESPERAR 4167
MARCAR 2
ESPERAR 5833


;Video AUDIO
MARCAR 1
ESPERAR 3633
MARCAR 3
ESPERAR 6367


;Video SUBTITULO
MARCAR 1
ESPERAR 5633
MARCAR 2
ESPERAR 4367


;Video TACTIL
MARCAR 1
ESPERAR 2293
MARCAR 4
TACTIL
ESPERAR 7707


;Video TACTIL
MARCAR 1
ESPERAR 5458
MARCAR 4
TACTIL
ESPERAR 4542


;Video MUDO
MARCAR 1
ESPERAR 4167
MARCAR 5
ESPERAR 5833


;Video MUDO
MARCAR 1
ESPERAR 3600
MARCAR 5
ESPERAR 6400


;Video TACTIL
MARCAR 1
ESPERAR 6041
MARCAR 4
TACTIL
ESPERAR 3959


;Video TACTIL
MARCAR 1
ESPERAR 2379
MARCAR 4
TACTIL
ESPERAR 7621


;Video AUDIO
MARCAR 1
ESPERAR 5567
MARCAR 3
ESPERAR 4433


;Video TACTIL
MARCAR 1
ESPERAR 4398
MARCAR 4
TACTIL
ESPERAR 5602


;Video AUDIO
MARCAR 1
ESPERAR 3700
MARCAR 3
ESPERAR 6300


;Video AUDIO
MARCAR 1
ESPERAR 2200
MARCAR 3
ESPERAR 7800


;Video SUBTITULO
MARCAR 1
ESPERAR 6500
MARCAR 2
ESPERAR 3500


TERMINAR