;Protocolo InSub4 CONTADORES-TACTIL-ESTIMULOS MUDOS

; Videos
; MARCA 1 => INICIO DE VIDEO
; MARCA 2 => ESTIMULO SUBTITULO
; MARCA 3 => ESTIMULO AUDIO
; MARCA 4 => ESTIMULO TACIL
; MARCA 5 => ESTIMULO MUDO

INICIAR inicio-experimento-insub.png
ESPERAR 3000

; Lanzar el video y esperar la introduccion (poner en pantalla completa)
lanzar "F4_H264.mp4"
ESPERAR 5000

;Video MUDO
MARCAR 1
ESPERAR 5867
MARCAR 5
ESPERAR 4133


;Video SUBTITULO
MARCAR 1
ESPERAR 2233
MARCAR 2
ESPERAR 7767


;Video SUBTITULO
MARCAR 1
ESPERAR 5633
MARCAR 2
ESPERAR 4367


;Video AUDIO
MARCAR 1
ESPERAR 5567
MARCAR 3
ESPERAR 4433


;Video AUDIO
MARCAR 1
ESPERAR 6133
MARCAR 3
ESPERAR 3867


;Video TACTIL
MARCAR 1
ESPERAR 5390
MARCAR 4
TACTIL
ESPERAR 4610


;Video MUDO
MARCAR 1
ESPERAR 3700
MARCAR 5
ESPERAR 6300


;Video SUBTITULO
MARCAR 1
ESPERAR 6133
MARCAR 2
ESPERAR 3867


;Video TACTIL
MARCAR 1
ESPERAR 3442
MARCAR 4
TACTIL
ESPERAR 6558


;Video AUDIO
MARCAR 1
ESPERAR 4167
MARCAR 3
ESPERAR 5833


;Video SUBTITULO
MARCAR 1
ESPERAR 4467
MARCAR 2
ESPERAR 5533


;Video TACTIL
MARCAR 1
ESPERAR 4344
MARCAR 4
TACTIL
ESPERAR 5656


;Video SUBTITULO
MARCAR 1
ESPERAR 3700
MARCAR 2
ESPERAR 6300


;Video MUDO
MARCAR 1
ESPERAR 2300
MARCAR 5
ESPERAR 7700


;Video AUDIO
MARCAR 1
ESPERAR 6500
MARCAR 3
ESPERAR 3500


;Video TACTIL
MARCAR 1
ESPERAR 2319
MARCAR 4
TACTIL
ESPERAR 7681


;Video AUDIO
MARCAR 1
ESPERAR 4467
MARCAR 3
ESPERAR 5533


;Video MUDO
MARCAR 1
ESPERAR 5633
MARCAR 5
ESPERAR 4367


;Video MUDO
MARCAR 1
ESPERAR 4000
MARCAR 5
ESPERAR 6000


;Video AUDIO
MARCAR 1
ESPERAR 2767
MARCAR 3
ESPERAR 7233


;Video TACTIL
MARCAR 1
ESPERAR 4124
MARCAR 4
TACTIL
ESPERAR 5876


;Video SUBTITULO
MARCAR 1
ESPERAR 4300
MARCAR 2
ESPERAR 5700


;Video TACTIL
MARCAR 1
ESPERAR 6425
MARCAR 4
TACTIL
ESPERAR 3575


;Video AUDIO
MARCAR 1
ESPERAR 2930
MARCAR 3
ESPERAR 7070


;Video AUDIO
MARCAR 1
ESPERAR 4233
MARCAR 3
ESPERAR 5767


;Video SUBTITULO
MARCAR 1
ESPERAR 6100
MARCAR 2
ESPERAR 3900


;Video SUBTITULO
MARCAR 1
ESPERAR 3400
MARCAR 2
ESPERAR 6600


;Video SUBTITULO
MARCAR 1
ESPERAR 3600
MARCAR 2
ESPERAR 6400


;Video TACTIL
MARCAR 1
ESPERAR 4143
MARCAR 4
TACTIL
ESPERAR 5857


;Video SUBTITULO
MARCAR 1
ESPERAR 2767
MARCAR 2
ESPERAR 7233


;Video AUDIO
MARCAR 1
ESPERAR 2400
MARCAR 3
ESPERAR 7600


TERMINAR