;Protocolo InSub4 CONTADORES-TACTIL-ESTIMULOS MUDOS

; Videos
; MARCA 1 => INICIO DE VIDEO
; MARCA 2 => ESTIMULO SUBTITULO
; MARCA 3 => ESTIMULO AUDIO
; MARCA 4 => ESTIMULO TACIL
; MARCA 5 => ESTIMULO MUDO

; Lanzar el video y esperar la introduccion (poner en pantalla completa)
lanzar "InSubTactilUnificado.wmv"
ESPERAR 5000


;Video MUDO
MARCAR 1
ESPERAR 4300
MARCAR 5
ESPERAR 5700


;Video SUBTITULO
MARCAR 1
ESPERAR 5233
MARCAR 2
ESPERAR 4767


;Video MUDO
MARCAR 1
ESPERAR 5233
MARCAR 5
ESPERAR 4767


;Video MUDO
MARCAR 1
ESPERAR 4233
MARCAR 5
ESPERAR 5767


;Video AUDIO
MARCAR 1
ESPERAR 3400
MARCAR 3
ESPERAR 6600


;Video TACTIL
MARCAR 1
ESPERAR 4339
MARCAR 4
ESPERAR 5661


;Video AUDIO
MARCAR 1
ESPERAR 4667
MARCAR 3
ESPERAR 5333


;Video TACTIL
MARCAR 1
ESPERAR 3213
MARCAR 4
ESPERAR 6787


;Video AUDIO
MARCAR 1
ESPERAR 3000
MARCAR 3
ESPERAR 7000


;Video SUBTITULO
MARCAR 1
ESPERAR 4233
MARCAR 2
ESPERAR 5767


;Video AUDIO
MARCAR 1
ESPERAR 5233
MARCAR 3
ESPERAR 4767


;Video SUBTITULO
MARCAR 1
ESPERAR 4330
MARCAR 2
ESPERAR 5670


;Video AUDIO
MARCAR 1
ESPERAR 2233
MARCAR 3
ESPERAR 7767


;Video MUDO
MARCAR 1
ESPERAR 6500
MARCAR 5
ESPERAR 3500


;Video SUBTITULO
MARCAR 1
ESPERAR 4367
MARCAR 2
ESPERAR 5633


;Video AUDIO
MARCAR 1
ESPERAR 4367
MARCAR 3
ESPERAR 5633


;Video TACTIL
MARCAR 1
ESPERAR 6066
MARCAR 4
ESPERAR 3934


;Video AUDIO
MARCAR 1
ESPERAR 4300
MARCAR 3
ESPERAR 5700


;Video AUDIO
MARCAR 1
ESPERAR 4000
MARCAR 3
ESPERAR 6000


;Video TACTIL
MARCAR 1
ESPERAR 5459
MARCAR 4
ESPERAR 4541


;Video AUDIO
MARCAR 1
ESPERAR 5633
MARCAR 3
ESPERAR 4367


;Video AUDIO
MARCAR 1
ESPERAR 4667
MARCAR 3
ESPERAR 5333


;Video MUDO
MARCAR 1
ESPERAR 3733
MARCAR 5
ESPERAR 6267


;Video TACTIL
MARCAR 1
ESPERAR 4290
MARCAR 4
ESPERAR 5710


;Video MUDO
MARCAR 1
ESPERAR 2500
MARCAR 5
ESPERAR 7500


;Video TACTIL
MARCAR 1
ESPERAR 2331
MARCAR 4
ESPERAR 7669


;Video AUDIO
MARCAR 1
ESPERAR 2467
MARCAR 3
ESPERAR 7533


;Video MUDO
MARCAR 1
ESPERAR 4330
MARCAR 5
ESPERAR 5670


;Video TACTIL
MARCAR 1
ESPERAR 3460
MARCAR 4
ESPERAR 6540


;Video SUBTITULO
MARCAR 1
ESPERAR 4167
MARCAR 2
ESPERAR 5833


;Video TACTIL
MARCAR 1
ESPERAR 4330
MARCAR 4
ESPERAR 5670


;Video SUBTITULO
MARCAR 1
ESPERAR 5567
MARCAR 2
ESPERAR 4433


;Video AUDIO
MARCAR 1
ESPERAR 2300
MARCAR 3
ESPERAR 7700


;Video TACTIL
MARCAR 1
ESPERAR 4290
MARCAR 4
ESPERAR 5710


;Video MUDO
MARCAR 1
ESPERAR 2200
MARCAR 5
ESPERAR 7800


;Video MUDO
MARCAR 1
ESPERAR 5633
MARCAR 5
ESPERAR 4367


;Video SUBTITULO
MARCAR 1
ESPERAR 3733
MARCAR 2
ESPERAR 6267


;Video AUDIO
MARCAR 1
ESPERAR 4233
MARCAR 3
ESPERAR 5767


;Video TACTIL
MARCAR 1
ESPERAR 2397
MARCAR 4
ESPERAR 7603


;Video SUBTITULO
MARCAR 1
ESPERAR 4867
MARCAR 2
ESPERAR 5133


;Video TACTIL
MARCAR 1
ESPERAR 2252
MARCAR 4
ESPERAR 7748


;Video AUDIO
MARCAR 1
ESPERAR 4330
MARCAR 3
ESPERAR 5670


;Video TACTIL
MARCAR 1
ESPERAR 5397
MARCAR 4
ESPERAR 4603


;Video MUDO
MARCAR 1
ESPERAR 2400
MARCAR 5
ESPERAR 7600


;Video TACTIL
MARCAR 1
ESPERAR 6253
MARCAR 4
ESPERAR 3747


;Video MUDO
MARCAR 1
ESPERAR 6000
MARCAR 5
ESPERAR 4000


;Video MUDO
MARCAR 1
ESPERAR 5600
MARCAR 5
ESPERAR 4400


;Video TACTIL
MARCAR 1
ESPERAR 4197
MARCAR 4
ESPERAR 5803


;Video SUBTITULO
MARCAR 1
ESPERAR 4000
MARCAR 2
ESPERAR 6000


;Video AUDIO
MARCAR 1
ESPERAR 4700
MARCAR 3
ESPERAR 5300


;Video SUBTITULO
MARCAR 1
ESPERAR 2467
MARCAR 2
ESPERAR 7533


;Video SUBTITULO
MARCAR 1
ESPERAR 2300
MARCAR 2
ESPERAR 7700


;Video MUDO
MARCAR 1
ESPERAR 5233
MARCAR 5
ESPERAR 4767


;Video MUDO
MARCAR 1
ESPERAR 4000
MARCAR 5
ESPERAR 6000


;Video SUBTITULO
MARCAR 1
ESPERAR 5233
MARCAR 2
ESPERAR 4767


;Video TACTIL
MARCAR 1
ESPERAR 4273
MARCAR 4
ESPERAR 5727


;Video MUDO
MARCAR 1
ESPERAR 3633
MARCAR 5
ESPERAR 6367


;Video TACTIL
MARCAR 1
ESPERAR 4357
MARCAR 4
ESPERAR 5643


;Video SUBTITULO
MARCAR 1
ESPERAR 5867
MARCAR 2
ESPERAR 4133


;Video MUDO
MARCAR 1
ESPERAR 4667
MARCAR 5
ESPERAR 5333


;Video AUDIO
MARCAR 1
ESPERAR 6000
MARCAR 3
ESPERAR 4000


;Video MUDO
MARCAR 1
ESPERAR 4167
MARCAR 5
ESPERAR 5833


;Video TACTIL
MARCAR 1
ESPERAR 4250
MARCAR 4
ESPERAR 5750


;Video MUDO
MARCAR 1
ESPERAR 6133
MARCAR 5
ESPERAR 3867


;Video AUDIO
MARCAR 1
ESPERAR 5867
MARCAR 3
ESPERAR 4133


;Video SUBTITULO
MARCAR 1
ESPERAR 4667
MARCAR 2
ESPERAR 5333


;Video MUDO
MARCAR 1
ESPERAR 2930
MARCAR 5
ESPERAR 7070


;Video MUDO
MARCAR 1
ESPERAR 4367
MARCAR 5
ESPERAR 5633


;Video MUDO
MARCAR 1
ESPERAR 4233
MARCAR 5
ESPERAR 5767


;Video TACTIL
MARCAR 1
ESPERAR 2228
MARCAR 4
ESPERAR 7772


;Video SUBTITULO
MARCAR 1
ESPERAR 6000
MARCAR 2
ESPERAR 4000


;Video AUDIO
MARCAR 1
ESPERAR 3733
MARCAR 3
ESPERAR 6267


;Video TACTIL
MARCAR 1
ESPERAR 5422
MARCAR 4
ESPERAR 4578


;Video AUDIO
MARCAR 1
ESPERAR 4467
MARCAR 3
ESPERAR 5533


;Video SUBTITULO
MARCAR 1
ESPERAR 3633
MARCAR 2
ESPERAR 6367


;Video AUDIO
MARCAR 1
ESPERAR 4867
MARCAR 3
ESPERAR 5133


;Video AUDIO
MARCAR 1
ESPERAR 5233
MARCAR 3
ESPERAR 4767


;Video SUBTITULO
MARCAR 1
ESPERAR 4667
MARCAR 2
ESPERAR 5333


;Video MUDO
MARCAR 1
ESPERAR 2467
MARCAR 5
ESPERAR 7533


;Video SUBTITULO
MARCAR 1
ESPERAR 2930
MARCAR 2
ESPERAR 7070


;Video SUBTITULO
MARCAR 1
ESPERAR 4233
MARCAR 2
ESPERAR 5767


;Video TACTIL
MARCAR 1
ESPERAR 5081
MARCAR 4
ESPERAR 4919


;Video AUDIO
MARCAR 1
ESPERAR 3600
MARCAR 3
ESPERAR 6400


;Video SUBTITULO
MARCAR 1
ESPERAR 5600
MARCAR 2
ESPERAR 4400


;Video AUDIO
MARCAR 1
ESPERAR 5633
MARCAR 3
ESPERAR 4367


;Video MUDO
MARCAR 1
ESPERAR 4667
MARCAR 5
ESPERAR 5333


;Video MUDO
MARCAR 1
ESPERAR 6100
MARCAR 5
ESPERAR 3900


;Video MUDO
MARCAR 1
ESPERAR 5567
MARCAR 5
ESPERAR 4433


;Video SUBTITULO
MARCAR 1
ESPERAR 2500
MARCAR 2
ESPERAR 7500


;Video AUDIO
MARCAR 1
ESPERAR 6100
MARCAR 3
ESPERAR 3900


;Video MUDO
MARCAR 1
ESPERAR 5867
MARCAR 5
ESPERAR 4133


;Video SUBTITULO
MARCAR 1
ESPERAR 2233
MARCAR 2
ESPERAR 7767


;Video SUBTITULO
MARCAR 1
ESPERAR 5633
MARCAR 2
ESPERAR 4367


;Video AUDIO
MARCAR 1
ESPERAR 5567
MARCAR 3
ESPERAR 4433


;Video AUDIO
MARCAR 1
ESPERAR 6133
MARCAR 3
ESPERAR 3867


;Video TACTIL
MARCAR 1
ESPERAR 5390
MARCAR 4
ESPERAR 4610


;Video MUDO
MARCAR 1
ESPERAR 3700
MARCAR 5
ESPERAR 6300


;Video SUBTITULO
MARCAR 1
ESPERAR 6133
MARCAR 2
ESPERAR 3867


;Video TACTIL
MARCAR 1
ESPERAR 3442
MARCAR 4
ESPERAR 6558


;Video AUDIO
MARCAR 1
ESPERAR 4167
MARCAR 3
ESPERAR 5833


;Video SUBTITULO
MARCAR 1
ESPERAR 4467
MARCAR 2
ESPERAR 5533


;Video TACTIL
MARCAR 1
ESPERAR 4344
MARCAR 4
ESPERAR 5656


;Video SUBTITULO
MARCAR 1
ESPERAR 3700
MARCAR 2
ESPERAR 6300


;Video MUDO
MARCAR 1
ESPERAR 2300
MARCAR 5
ESPERAR 7700


;Video AUDIO
MARCAR 1
ESPERAR 6500
MARCAR 3
ESPERAR 3500


;Video TACTIL
MARCAR 1
ESPERAR 2319
MARCAR 4
ESPERAR 7681


;Video AUDIO
MARCAR 1
ESPERAR 4467
MARCAR 3
ESPERAR 5533


;Video MUDO
MARCAR 1
ESPERAR 5633
MARCAR 5
ESPERAR 4367


;Video MUDO
MARCAR 1
ESPERAR 4000
MARCAR 5
ESPERAR 6000


;Video AUDIO
MARCAR 1
ESPERAR 2767
MARCAR 3
ESPERAR 7233


;Video TACTIL
MARCAR 1
ESPERAR 4124
MARCAR 4
ESPERAR 5876


;Video SUBTITULO
MARCAR 1
ESPERAR 4300
MARCAR 2
ESPERAR 5700


;Video TACTIL
MARCAR 1
ESPERAR 6425
MARCAR 4
ESPERAR 3575


;Video AUDIO
MARCAR 1
ESPERAR 2930
MARCAR 3
ESPERAR 7070


;Video AUDIO
MARCAR 1
ESPERAR 4233
MARCAR 3
ESPERAR 5767


;Video SUBTITULO
MARCAR 1
ESPERAR 6100
MARCAR 2
ESPERAR 3900


;Video SUBTITULO
MARCAR 1
ESPERAR 3400
MARCAR 2
ESPERAR 6600


;Video SUBTITULO
MARCAR 1
ESPERAR 3600
MARCAR 2
ESPERAR 6400


;Video TACTIL
MARCAR 1
ESPERAR 4143
MARCAR 4
ESPERAR 5857


;Video SUBTITULO
MARCAR 1
ESPERAR 2767
MARCAR 2
ESPERAR 7233


;Video AUDIO
MARCAR 1
ESPERAR 2400
MARCAR 3
ESPERAR 7600


;Video MUDO
MARCAR 1
ESPERAR 2233
MARCAR 5
ESPERAR 7767


;Video MUDO
MARCAR 1
ESPERAR 3400
MARCAR 5
ESPERAR 6600


;Video TACTIL
MARCAR 1
ESPERAR 2139
MARCAR 4
ESPERAR 7861


;Video SUBTITULO
MARCAR 1
ESPERAR 4700
MARCAR 2
ESPERAR 5300


;Video MUDO
MARCAR 1
ESPERAR 4467
MARCAR 5
ESPERAR 5533


;Video MUDO
MARCAR 1
ESPERAR 2767
MARCAR 5
ESPERAR 7233


;Video TACTIL
MARCAR 1
ESPERAR 3348
MARCAR 4
ESPERAR 6652


;Video MUDO
MARCAR 1
ESPERAR 4867
MARCAR 5
ESPERAR 5133


;Video SUBTITULO
MARCAR 1
ESPERAR 5567
MARCAR 2
ESPERAR 4433


;Video TACTIL
MARCAR 1
ESPERAR 5438
MARCAR 4
ESPERAR 4562


;Video TACTIL
MARCAR 1
ESPERAR 4433
MARCAR 4
ESPERAR 5567


;Video AUDIO
MARCAR 1
ESPERAR 5600
MARCAR 3
ESPERAR 4400


;Video TACTIL
MARCAR 1
ESPERAR 3137
MARCAR 4
ESPERAR 6863


;Video AUDIO
MARCAR 1
ESPERAR 2500
MARCAR 3
ESPERAR 7500


;Video SUBTITULO
MARCAR 1
ESPERAR 4467
MARCAR 2
ESPERAR 5533


;Video SUBTITULO
MARCAR 1
ESPERAR 2200
MARCAR 2
ESPERAR 7800


;Video MUDO
MARCAR 1
ESPERAR 4467
MARCAR 5
ESPERAR 5533


;Video TACTIL
MARCAR 1
ESPERAR 3412
MARCAR 4
ESPERAR 6588


;Video SUBTITULO
MARCAR 1
ESPERAR 4000
MARCAR 2
ESPERAR 6000


;Video AUDIO
MARCAR 1
ESPERAR 4167
MARCAR 3
ESPERAR 5833


;Video SUBTITULO
MARCAR 1
ESPERAR 2400
MARCAR 2
ESPERAR 7600


;Video TACTIL
MARCAR 1
ESPERAR 4121
MARCAR 4
ESPERAR 5879


;Video MUDO
MARCAR 1
ESPERAR 5567
MARCAR 5
ESPERAR 4433


;Video MUDO
MARCAR 1
ESPERAR 4700
MARCAR 5
ESPERAR 5300


;Video TACTIL
MARCAR 1
ESPERAR 5177
MARCAR 4
ESPERAR 4823


;Video SUBTITULO
MARCAR 1
ESPERAR 4167
MARCAR 2
ESPERAR 5833


;Video AUDIO
MARCAR 1
ESPERAR 3633
MARCAR 3
ESPERAR 6367


;Video SUBTITULO
MARCAR 1
ESPERAR 5633
MARCAR 2
ESPERAR 4367


;Video TACTIL
MARCAR 1
ESPERAR 2293
MARCAR 4
ESPERAR 7707


;Video TACTIL
MARCAR 1
ESPERAR 5458
MARCAR 4
ESPERAR 4542


;Video MUDO
MARCAR 1
ESPERAR 4167
MARCAR 5
ESPERAR 5833


;Video MUDO
MARCAR 1
ESPERAR 3600
MARCAR 5
ESPERAR 6400


;Video TACTIL
MARCAR 1
ESPERAR 6041
MARCAR 4
ESPERAR 3959


;Video TACTIL
MARCAR 1
ESPERAR 2379
MARCAR 4
ESPERAR 7621


;Video AUDIO
MARCAR 1
ESPERAR 5567
MARCAR 3
ESPERAR 4433


;Video TACTIL
MARCAR 1
ESPERAR 4398
MARCAR 4
ESPERAR 5602


;Video AUDIO
MARCAR 1
ESPERAR 3700
MARCAR 3
ESPERAR 6300


;Video AUDIO
MARCAR 1
ESPERAR 2200
MARCAR 3
ESPERAR 7800


;Video SUBTITULO
MARCAR 1
ESPERAR 6500
MARCAR 2
ESPERAR 3500

