;PROTOCOLO EMOCION ARGENTINA 2017-12-01

FULLSCREEN true
USE_MATRIX false
USE_EEG true

;EMOCION
;MARCA 1-->POSITIVA E
;MARCA 2-->POSITIVA C
;MARCA 3-->NEGATIVA
;MARCA 4-->NEUTRA

;INICIAR inicio-experimento.png
;ESPERAR 3000

;POSITIVA-C
MOSTRAR VCB60.PNG
MARCAR 2
ESPERAR 300
MOSTRAR CIRCULO2.PNG
ESPERAR 1000


;POSITIVA-E
MOSTRAR VEB50.PNG
MARCAR 1
ESPERAR 300
MOSTRAR CIRCULO2.PNG
ESPERAR 1000


;POSITIVA-C
MOSTRAR VCB44.PNG
MARCAR 2
ESPERAR 300
MOSTRAR CIRCULO2.PNG
ESPERAR 1000


;POSITIVA-C
MOSTRAR VCB63.PNG
MARCAR 2
ESPERAR 300
MOSTRAR CIRCULO2.PNG
ESPERAR 1000


;NEGATIVA
MOSTRAR VNB34.PNG
MARCAR 3
ESPERAR 300
MOSTRAR CIRCULO2.PNG
ESPERAR 1000


;NEGATIVA
MOSTRAR VNB30.PNG
MARCAR 3
ESPERAR 300
MOSTRAR CIRCULO2.PNG
ESPERAR 1000


;NEUTRA
MOSTRAR VOB42.PNG
MARCAR 4
ESPERAR 300
MOSTRAR CIRCULO2.PNG
ESPERAR 1000


;POSITIVA-E
MOSTRAR VEB59.PNG
MARCAR 1
ESPERAR 300
MOSTRAR CIRCULO2.PNG
ESPERAR 1000


;NEUTRA
MOSTRAR VOB34.PNG
MARCAR 4
ESPERAR 300
MOSTRAR CIRCULO2.PNG
ESPERAR 1000


;POSITIVA-C
MOSTRAR VCB59.PNG
MARCAR 2
ESPERAR 300
MOSTRAR CIRCULO2.PNG
ESPERAR 1000


;POSITIVA-C
MOSTRAR VCB16.PNG
MARCAR 2
ESPERAR 300
MOSTRAR CIRCULO2.PNG
ESPERAR 1000


;NEUTRA
MOSTRAR VOB15.PNG
MARCAR 4
ESPERAR 300
MOSTRAR CIRCULO2.PNG
ESPERAR 1000


;POSITIVA-E
MOSTRAR VEB46.PNG
MARCAR 1
ESPERAR 300
MOSTRAR CIRCULO2.PNG
ESPERAR 1000


;NEGATIVA
MOSTRAR VNB24.PNG
MARCAR 3
ESPERAR 300
MOSTRAR CIRCULO2.PNG
ESPERAR 1000


;NEGATIVA
MOSTRAR VNB21.PNG
MARCAR 3
ESPERAR 300
MOSTRAR CIRCULO2.PNG
ESPERAR 1000


;POSITIVA-E
MOSTRAR VEB69.PNG
MARCAR 1
ESPERAR 300
MOSTRAR CIRCULO2.PNG
ESPERAR 1000


;POSITIVA-E
MOSTRAR VEB39.PNG
MARCAR 1
ESPERAR 300
MOSTRAR CIRCULO2.PNG
ESPERAR 1000


;NEGATIVA
MOSTRAR VNB29.PNG
MARCAR 3
ESPERAR 300
MOSTRAR CIRCULO2.PNG
ESPERAR 1000


;POSITIVA-C
MOSTRAR VCB34.PNG
MARCAR 2
ESPERAR 300
MOSTRAR CIRCULO2.PNG
ESPERAR 1000


;POSITIVA-E
MOSTRAR VEB52.PNG
MARCAR 1
ESPERAR 300
MOSTRAR CIRCULO2.PNG
ESPERAR 1000


;NEUTRA
MOSTRAR VOB67.PNG
MARCAR 4
ESPERAR 300
MOSTRAR CIRCULO2.PNG
ESPERAR 1000


;POSITIVA-C
MOSTRAR VCB70.PNG
MARCAR 2
ESPERAR 300
MOSTRAR CIRCULO2.PNG
ESPERAR 1000


;NEGATIVA
MOSTRAR VNB17.PNG
MARCAR 3
ESPERAR 300
MOSTRAR CIRCULO2.PNG
ESPERAR 1000


;POSITIVA-C
MOSTRAR VCB61.PNG
MARCAR 2
ESPERAR 300
MOSTRAR CIRCULO2.PNG
ESPERAR 1000


;POSITIVA-C
MOSTRAR VCB11.PNG
MARCAR 2
ESPERAR 300
MOSTRAR CIRCULO2.PNG
ESPERAR 1000


;POSITIVA-C
MOSTRAR VCB56.PNG
MARCAR 2
ESPERAR 300
MOSTRAR CIRCULO2.PNG
ESPERAR 1000


;POSITIVA-E
MOSTRAR VEB41.PNG
MARCAR 1
ESPERAR 300
MOSTRAR CIRCULO2.PNG
ESPERAR 1000


;NEUTRA
MOSTRAR VOB02.PNG
MARCAR 4
ESPERAR 300
MOSTRAR CIRCULO2.PNG
ESPERAR 1000


;POSITIVA-C
MOSTRAR VCB05.PNG
MARCAR 2
ESPERAR 300
MOSTRAR CIRCULO2.PNG
ESPERAR 1000


;NEGATIVA
MOSTRAR VNB51.PNG
MARCAR 3
ESPERAR 300
MOSTRAR CIRCULO2.PNG
ESPERAR 1000


;POSITIVA-C
MOSTRAR VCB65.PNG
MARCAR 2
ESPERAR 300
MOSTRAR CIRCULO2.PNG
ESPERAR 1000


;POSITIVA-C
MOSTRAR VCB28.PNG
MARCAR 2
ESPERAR 300
MOSTRAR CIRCULO2.PNG
ESPERAR 1000


;NEGATIVA
MOSTRAR VNB08.PNG
MARCAR 3
ESPERAR 300
MOSTRAR CIRCULO2.PNG
ESPERAR 1000


;NEUTRA
MOSTRAR VOB24.PNG
MARCAR 4
ESPERAR 300
MOSTRAR CIRCULO2.PNG
ESPERAR 1000


;NEGATIVA
MOSTRAR VNB49.PNG
MARCAR 3
ESPERAR 300
MOSTRAR CIRCULO2.PNG
ESPERAR 1000


;NEUTRA
MOSTRAR VOB08.PNG
MARCAR 4
ESPERAR 300
MOSTRAR CIRCULO2.PNG
ESPERAR 1000


;POSITIVA-C
MOSTRAR VCB51.PNG
MARCAR 2
ESPERAR 300
MOSTRAR CIRCULO2.PNG
ESPERAR 1000


;NEUTRA
MOSTRAR VOB06.PNG
MARCAR 4
ESPERAR 300
MOSTRAR CIRCULO2.PNG
ESPERAR 1000


;NEUTRA
MOSTRAR VOB58.PNG
MARCAR 4
ESPERAR 300
MOSTRAR CIRCULO2.PNG
ESPERAR 1000


;POSITIVA-C
MOSTRAR VCB32.PNG
MARCAR 2
ESPERAR 300
MOSTRAR CIRCULO2.PNG
ESPERAR 1000


;POSITIVA-C
MOSTRAR VCB53.PNG
MARCAR 2
ESPERAR 300
MOSTRAR CIRCULO2.PNG
ESPERAR 1000


;POSITIVA-E
MOSTRAR VEB38.PNG
MARCAR 1
ESPERAR 300
MOSTRAR CIRCULO2.PNG
ESPERAR 1000


;NEGATIVA
MOSTRAR VNB10.PNG
MARCAR 3
ESPERAR 300
MOSTRAR CIRCULO2.PNG
ESPERAR 1000


;NEGATIVA
MOSTRAR VNB18.PNG
MARCAR 3
ESPERAR 300
MOSTRAR CIRCULO2.PNG
ESPERAR 1000


;POSITIVA-C
MOSTRAR VCB46.PNG
MARCAR 2
ESPERAR 300
MOSTRAR CIRCULO2.PNG
ESPERAR 1000


;NEUTRA
MOSTRAR VOB25.PNG
MARCAR 4
ESPERAR 300
MOSTRAR CIRCULO2.PNG
ESPERAR 1000


;POSITIVA-E
MOSTRAR VEB65.PNG
MARCAR 1
ESPERAR 300
MOSTRAR CIRCULO2.PNG
ESPERAR 1000


;NEUTRA
MOSTRAR VOB22.PNG
MARCAR 4
ESPERAR 300
MOSTRAR CIRCULO2.PNG
ESPERAR 1000


;POSITIVA-C
MOSTRAR VCB10.PNG
MARCAR 2
ESPERAR 300
MOSTRAR CIRCULO2.PNG
ESPERAR 1000


;NEGATIVA
MOSTRAR VNB70.PNG
MARCAR 3
ESPERAR 300
MOSTRAR CIRCULO2.PNG
ESPERAR 1000


;POSITIVA-E
MOSTRAR VEB36.PNG
MARCAR 1
ESPERAR 300
MOSTRAR CIRCULO2.PNG
ESPERAR 1000


;NEUTRA
MOSTRAR VOB37.PNG
MARCAR 4
ESPERAR 300
MOSTRAR CIRCULO2.PNG
ESPERAR 1000


;NEUTRA
MOSTRAR VOB26.PNG
MARCAR 4
ESPERAR 300
MOSTRAR CIRCULO2.PNG
ESPERAR 1000


;POSITIVA-E
MOSTRAR VEB33.PNG
MARCAR 1
ESPERAR 300
MOSTRAR CIRCULO2.PNG
ESPERAR 1000


;NEGATIVA
MOSTRAR VNB69.PNG
MARCAR 3
ESPERAR 300
MOSTRAR CIRCULO2.PNG
ESPERAR 1000


;NEUTRA
MOSTRAR VOB10.PNG
MARCAR 4
ESPERAR 300
MOSTRAR CIRCULO2.PNG
ESPERAR 1000


;NEUTRA
MOSTRAR VOB41.PNG
MARCAR 4
ESPERAR 300
MOSTRAR CIRCULO2.PNG
ESPERAR 1000


;POSITIVA-C
MOSTRAR VCB14.PNG
MARCAR 2
ESPERAR 300
MOSTRAR CIRCULO2.PNG
ESPERAR 1000


;POSITIVA-C
MOSTRAR VCB52.PNG
MARCAR 2
ESPERAR 300
MOSTRAR CIRCULO2.PNG
ESPERAR 1000


;POSITIVA-E
MOSTRAR VEB66.PNG
MARCAR 1
ESPERAR 300
MOSTRAR CIRCULO2.PNG
ESPERAR 1000


;POSITIVA-E
MOSTRAR VEB19.PNG
MARCAR 1
ESPERAR 300
MOSTRAR CIRCULO2.PNG
ESPERAR 1000


;NEGATIVA
MOSTRAR VNB41.PNG
MARCAR 3
ESPERAR 300
MOSTRAR CIRCULO2.PNG
ESPERAR 1000


;POSITIVA-C
MOSTRAR VCB25.PNG
MARCAR 2
ESPERAR 300
MOSTRAR CIRCULO2.PNG
ESPERAR 1000


;NEGATIVA
MOSTRAR VNB04.PNG
MARCAR 3
ESPERAR 300
MOSTRAR CIRCULO2.PNG
ESPERAR 1000


;NEGATIVA
MOSTRAR VNB56.PNG
MARCAR 3
ESPERAR 300
MOSTRAR CIRCULO2.PNG
ESPERAR 1000


;NEUTRA
MOSTRAR VOB50.PNG
MARCAR 4
ESPERAR 300
MOSTRAR CIRCULO2.PNG
ESPERAR 1000


;POSITIVA-C
MOSTRAR VCB57.PNG
MARCAR 2
ESPERAR 300
MOSTRAR CIRCULO2.PNG
ESPERAR 1000


;POSITIVA-E
MOSTRAR VEB04.PNG
MARCAR 1
ESPERAR 300
MOSTRAR CIRCULO2.PNG
ESPERAR 1000


;POSITIVA-E
MOSTRAR VEB58.PNG
MARCAR 1
ESPERAR 300
MOSTRAR CIRCULO2.PNG
ESPERAR 1000


;POSITIVA-C
MOSTRAR VCB04.PNG
MARCAR 2
ESPERAR 300
MOSTRAR CIRCULO2.PNG
ESPERAR 1000


;POSITIVA-E
MOSTRAR VEB18.PNG
MARCAR 1
ESPERAR 300
MOSTRAR CIRCULO2.PNG
ESPERAR 1000


;NEUTRA
MOSTRAR VOB12.PNG
MARCAR 4
ESPERAR 300
MOSTRAR CIRCULO2.PNG
ESPERAR 1000


;NEUTRA
MOSTRAR VOB33.PNG
MARCAR 4
ESPERAR 300
MOSTRAR CIRCULO2.PNG
ESPERAR 1000


;NEGATIVA
MOSTRAR VNB52.PNG
MARCAR 3
ESPERAR 300
MOSTRAR CIRCULO2.PNG
ESPERAR 1000


;POSITIVA-E
MOSTRAR VEB60.PNG
MARCAR 1
ESPERAR 300
MOSTRAR CIRCULO2.PNG
ESPERAR 1000


;POSITIVA-E
MOSTRAR VEB55.PNG
MARCAR 1
ESPERAR 300
MOSTRAR CIRCULO2.PNG
ESPERAR 1000


;NEGATIVA
MOSTRAR VNB57.PNG
MARCAR 3
ESPERAR 300
MOSTRAR CIRCULO2.PNG
ESPERAR 1000


;NEGATIVA
MOSTRAR VNB09.PNG
MARCAR 3
ESPERAR 300
MOSTRAR CIRCULO2.PNG
ESPERAR 1000


;POSITIVA-C
MOSTRAR VCB31.PNG
MARCAR 2
ESPERAR 300
MOSTRAR CIRCULO2.PNG
ESPERAR 1000


;NEUTRA
MOSTRAR VOB27.PNG
MARCAR 4
ESPERAR 300
MOSTRAR CIRCULO2.PNG
ESPERAR 1000


;POSITIVA-C
MOSTRAR VCB18.PNG
MARCAR 2
ESPERAR 300
MOSTRAR CIRCULO2.PNG
ESPERAR 1000


;NEGATIVA
MOSTRAR VNB33.PNG
MARCAR 3
ESPERAR 300
MOSTRAR CIRCULO2.PNG
ESPERAR 1000


;POSITIVA-C
MOSTRAR VCB26.PNG
MARCAR 2
ESPERAR 300
MOSTRAR CIRCULO2.PNG
ESPERAR 1000


;POSITIVA-C
MOSTRAR VCB37.PNG
MARCAR 2
ESPERAR 300
MOSTRAR CIRCULO2.PNG
ESPERAR 1000


;POSITIVA-E
MOSTRAR VEB32.PNG
MARCAR 1
ESPERAR 300
MOSTRAR CIRCULO2.PNG
ESPERAR 1000


;POSITIVA-C
MOSTRAR VCB55.PNG
MARCAR 2
ESPERAR 300
MOSTRAR CIRCULO2.PNG
ESPERAR 1000


;POSITIVA-C
MOSTRAR VCB07.PNG
MARCAR 2
ESPERAR 300
MOSTRAR CIRCULO2.PNG
ESPERAR 1000


;POSITIVA-E
MOSTRAR VEB54.PNG
MARCAR 1
ESPERAR 300
MOSTRAR CIRCULO2.PNG
ESPERAR 1000


;NEGATIVA
MOSTRAR VNB46.PNG
MARCAR 3
ESPERAR 300
MOSTRAR CIRCULO2.PNG
ESPERAR 1000


;NEGATIVA
MOSTRAR VNB67.PNG
MARCAR 3
ESPERAR 300
MOSTRAR CIRCULO2.PNG
ESPERAR 1000


;POSITIVA-C
MOSTRAR VCB40.PNG
MARCAR 2
ESPERAR 300
MOSTRAR CIRCULO2.PNG
ESPERAR 1000


;NEUTRA
MOSTRAR VOB09.PNG
MARCAR 4
ESPERAR 300
MOSTRAR CIRCULO2.PNG
ESPERAR 1000


;POSITIVA-E
MOSTRAR VEB02.PNG
MARCAR 1
ESPERAR 300
MOSTRAR CIRCULO2.PNG
ESPERAR 1000


;NEGATIVA
MOSTRAR VNB64.PNG
MARCAR 3
ESPERAR 300
MOSTRAR CIRCULO2.PNG
ESPERAR 1000


;NEGATIVA
MOSTRAR VNB20.PNG
MARCAR 3
ESPERAR 300
MOSTRAR CIRCULO2.PNG
ESPERAR 1000


;NEUTRA
MOSTRAR VOB64.PNG
MARCAR 4
ESPERAR 300
MOSTRAR CIRCULO2.PNG
ESPERAR 1000


;POSITIVA-E
MOSTRAR VEB67.PNG
MARCAR 1
ESPERAR 300
MOSTRAR CIRCULO2.PNG
ESPERAR 1000


;NEUTRA
MOSTRAR VOB54.PNG
MARCAR 4
ESPERAR 300
MOSTRAR CIRCULO2.PNG
ESPERAR 1000


;NEUTRA
MOSTRAR VOB47.PNG
MARCAR 4
ESPERAR 300
MOSTRAR CIRCULO2.PNG
ESPERAR 1000


;POSITIVA-C
MOSTRAR VCB35.PNG
MARCAR 2
ESPERAR 300
MOSTRAR CIRCULO2.PNG
ESPERAR 1000


;POSITIVA-C
MOSTRAR VCB09.PNG
MARCAR 2
ESPERAR 300
MOSTRAR CIRCULO2.PNG
ESPERAR 1000


;NEGATIVA
MOSTRAR VNB44.PNG
MARCAR 3
ESPERAR 300
MOSTRAR CIRCULO2.PNG
ESPERAR 1000


;POSITIVA-E
MOSTRAR VEB03.PNG
MARCAR 1
ESPERAR 300
MOSTRAR CIRCULO2.PNG
ESPERAR 1000


;POSITIVA-C
MOSTRAR VCB66.PNG
MARCAR 2
ESPERAR 300
MOSTRAR CIRCULO2.PNG
ESPERAR 1000


;NEUTRA
MOSTRAR VOB45.PNG
MARCAR 4
ESPERAR 300
MOSTRAR CIRCULO2.PNG
ESPERAR 1000


;POSITIVA-E
MOSTRAR VEB48.PNG
MARCAR 1
ESPERAR 300
MOSTRAR CIRCULO2.PNG
ESPERAR 1000


;NEGATIVA
MOSTRAR VNB23.PNG
MARCAR 3
ESPERAR 300
MOSTRAR CIRCULO2.PNG
ESPERAR 1000


;NEGATIVA
MOSTRAR VNB62.PNG
MARCAR 3
ESPERAR 300
MOSTRAR CIRCULO2.PNG
ESPERAR 1000


;NEUTRA
MOSTRAR VOB19.PNG
MARCAR 4
ESPERAR 300
MOSTRAR CIRCULO2.PNG
ESPERAR 1000


;POSITIVA-C
MOSTRAR VCB19.PNG
MARCAR 2
ESPERAR 300
MOSTRAR CIRCULO2.PNG
ESPERAR 1000


;POSITIVA-C
MOSTRAR VCB47.PNG
MARCAR 2
ESPERAR 300
MOSTRAR CIRCULO2.PNG
ESPERAR 1000


;NEGATIVA
MOSTRAR VNB43.PNG
MARCAR 3
ESPERAR 300
MOSTRAR CIRCULO2.PNG
ESPERAR 1000


;NEUTRA
MOSTRAR VOB56.PNG
MARCAR 4
ESPERAR 300
MOSTRAR CIRCULO2.PNG
ESPERAR 1000


;POSITIVA-E
MOSTRAR VEB68.PNG
MARCAR 1
ESPERAR 300
MOSTRAR CIRCULO2.PNG
ESPERAR 1000


;POSITIVA-E
MOSTRAR VEB22.PNG
MARCAR 1
ESPERAR 300
MOSTRAR CIRCULO2.PNG
ESPERAR 1000


;POSITIVA-C
MOSTRAR VCB39.PNG
MARCAR 2
ESPERAR 300
MOSTRAR CIRCULO2.PNG
ESPERAR 1000


;POSITIVA-C
MOSTRAR VCB15.PNG
MARCAR 2
ESPERAR 300
MOSTRAR CIRCULO2.PNG
ESPERAR 1000


;NEUTRA
MOSTRAR VOB35.PNG
MARCAR 4
ESPERAR 300
MOSTRAR CIRCULO2.PNG
ESPERAR 1000


;POSITIVA-C
MOSTRAR VCB27.PNG
MARCAR 2
ESPERAR 300
MOSTRAR CIRCULO2.PNG
ESPERAR 1000


;NEGATIVA
MOSTRAR VNB03.PNG
MARCAR 3
ESPERAR 300
MOSTRAR CIRCULO2.PNG
ESPERAR 1000


;NEGATIVA
MOSTRAR VNB68.PNG
MARCAR 3
ESPERAR 300
MOSTRAR CIRCULO2.PNG
ESPERAR 1000


;POSITIVA-C
MOSTRAR VCB50.PNG
MARCAR 2
ESPERAR 300
MOSTRAR CIRCULO2.PNG
ESPERAR 1000


;NEGATIVA
MOSTRAR VNB27.PNG
MARCAR 3
ESPERAR 300
MOSTRAR CIRCULO2.PNG
ESPERAR 1000


;POSITIVA-E
MOSTRAR VEB40.PNG
MARCAR 1
ESPERAR 300
MOSTRAR CIRCULO2.PNG
ESPERAR 1000


;POSITIVA-C
MOSTRAR VCB22.PNG
MARCAR 2
ESPERAR 300
MOSTRAR CIRCULO2.PNG
ESPERAR 1000


;NEUTRA
MOSTRAR VOB39.PNG
MARCAR 4
ESPERAR 300
MOSTRAR CIRCULO2.PNG
ESPERAR 1000


;NEUTRA
MOSTRAR VOB53.PNG
MARCAR 4
ESPERAR 300
MOSTRAR CIRCULO2.PNG
ESPERAR 1000


;NEGATIVA
MOSTRAR VNB28.PNG
MARCAR 3
ESPERAR 300
MOSTRAR CIRCULO2.PNG
ESPERAR 1000


;NEUTRA
MOSTRAR VOB01.PNG
MARCAR 4
ESPERAR 300
MOSTRAR CIRCULO2.PNG
ESPERAR 1000


;POSITIVA-E
MOSTRAR VEB20.PNG
MARCAR 1
ESPERAR 300
MOSTRAR CIRCULO2.PNG
ESPERAR 1000


;POSITIVA-E
MOSTRAR VEB62.PNG
MARCAR 1
ESPERAR 300
MOSTRAR CIRCULO2.PNG
ESPERAR 1000


;POSITIVA-C
MOSTRAR VCB20.PNG
MARCAR 2
ESPERAR 300
MOSTRAR CIRCULO2.PNG
ESPERAR 1000


;NEGATIVA
MOSTRAR VNB02.PNG
MARCAR 3
ESPERAR 300
MOSTRAR CIRCULO2.PNG
ESPERAR 1000


;POSITIVA-E
MOSTRAR VEB10.PNG
MARCAR 1
ESPERAR 300
MOSTRAR CIRCULO2.PNG
ESPERAR 1000


;POSITIVA-C
MOSTRAR VCB06.PNG
MARCAR 2
ESPERAR 300
MOSTRAR CIRCULO2.PNG
ESPERAR 1000


;NEGATIVA
MOSTRAR VNB63.PNG
MARCAR 3
ESPERAR 300
MOSTRAR CIRCULO2.PNG
ESPERAR 1000


;POSITIVA-E
MOSTRAR VEB15.PNG
MARCAR 1
ESPERAR 300
MOSTRAR CIRCULO2.PNG
ESPERAR 1000


;NEGATIVA
MOSTRAR VNB50.PNG
MARCAR 3
ESPERAR 300
MOSTRAR CIRCULO2.PNG
ESPERAR 1000


;NEGATIVA
MOSTRAR VNB25.PNG
MARCAR 3
ESPERAR 300
MOSTRAR CIRCULO2.PNG
ESPERAR 1000


;POSITIVA-E
MOSTRAR VEB44.PNG
MARCAR 1
ESPERAR 300
MOSTRAR CIRCULO2.PNG
ESPERAR 1000


;NEUTRA
MOSTRAR VOB03.PNG
MARCAR 4
ESPERAR 300
MOSTRAR CIRCULO2.PNG
ESPERAR 1000


;POSITIVA-E
MOSTRAR VEB45.PNG
MARCAR 1
ESPERAR 300
MOSTRAR CIRCULO2.PNG
ESPERAR 1000


;POSITIVA-C
MOSTRAR VCB03.PNG
MARCAR 2
ESPERAR 300
MOSTRAR CIRCULO2.PNG
ESPERAR 1000


;NEGATIVA
MOSTRAR VNB48.PNG
MARCAR 3
ESPERAR 300
MOSTRAR CIRCULO2.PNG
ESPERAR 1000


;POSITIVA-E
MOSTRAR VEB64.PNG
MARCAR 1
ESPERAR 300
MOSTRAR CIRCULO2.PNG
ESPERAR 1000


;NEUTRA
MOSTRAR VOB59.PNG
MARCAR 4
ESPERAR 300
MOSTRAR CIRCULO2.PNG
ESPERAR 1000


;POSITIVA-C
MOSTRAR VCB36.PNG
MARCAR 2
ESPERAR 300
MOSTRAR CIRCULO2.PNG
ESPERAR 1000


;POSITIVA-E
MOSTRAR VEB12.PNG
MARCAR 1
ESPERAR 300
MOSTRAR CIRCULO2.PNG
ESPERAR 1000


;NEUTRA
MOSTRAR VOB46.PNG
MARCAR 4
ESPERAR 300
MOSTRAR CIRCULO2.PNG
ESPERAR 1000


;POSITIVA-C
MOSTRAR VCB38.PNG
MARCAR 2
ESPERAR 300
MOSTRAR CIRCULO2.PNG
ESPERAR 1000


;NEUTRA
MOSTRAR VOB13.PNG
MARCAR 4
ESPERAR 300
MOSTRAR CIRCULO2.PNG
ESPERAR 1000


;POSITIVA-E
MOSTRAR VEB08.PNG
MARCAR 1
ESPERAR 300
MOSTRAR CIRCULO2.PNG
ESPERAR 1000


;NEUTRA
MOSTRAR VOB11.PNG
MARCAR 4
ESPERAR 300
MOSTRAR CIRCULO2.PNG
ESPERAR 1000


;POSITIVA-E
MOSTRAR VEB29.PNG
MARCAR 1
ESPERAR 300
MOSTRAR CIRCULO2.PNG
ESPERAR 1000


;NEUTRA
MOSTRAR VOB44.PNG
MARCAR 4
ESPERAR 300
MOSTRAR CIRCULO2.PNG
ESPERAR 1000


;NEGATIVA
MOSTRAR VNB22.PNG
MARCAR 3
ESPERAR 300
MOSTRAR CIRCULO2.PNG
ESPERAR 1000


;NEGATIVA
MOSTRAR VNB12.PNG
MARCAR 3
ESPERAR 300
MOSTRAR CIRCULO2.PNG
ESPERAR 1000


;NEGATIVA
MOSTRAR VNB07.PNG
MARCAR 3
ESPERAR 300
MOSTRAR CIRCULO2.PNG
ESPERAR 1000


;NEGATIVA
MOSTRAR VNB47.PNG
MARCAR 3
ESPERAR 300
MOSTRAR CIRCULO2.PNG
ESPERAR 1000


;POSITIVA-C
MOSTRAR VCB58.PNG
MARCAR 2
ESPERAR 300
MOSTRAR CIRCULO2.PNG
ESPERAR 1000


;POSITIVA-C
MOSTRAR VCB23.PNG
MARCAR 2
ESPERAR 300
MOSTRAR CIRCULO2.PNG
ESPERAR 1000


;NEUTRA
MOSTRAR VOB68.PNG
MARCAR 4
ESPERAR 300
MOSTRAR CIRCULO2.PNG
ESPERAR 1000


;NEUTRA
MOSTRAR VOB30.PNG
MARCAR 4
ESPERAR 300
MOSTRAR CIRCULO2.PNG
ESPERAR 1000


;POSITIVA-E
MOSTRAR VEB53.PNG
MARCAR 1
ESPERAR 300
MOSTRAR CIRCULO2.PNG
ESPERAR 1000


;NEGATIVA
MOSTRAR VNB01.PNG
MARCAR 3
ESPERAR 300
MOSTRAR CIRCULO2.PNG
ESPERAR 1000


;NEUTRA
MOSTRAR VOB43.PNG
MARCAR 4
ESPERAR 300
MOSTRAR CIRCULO2.PNG
ESPERAR 1000


;NEGATIVA
MOSTRAR VNB15.PNG
MARCAR 3
ESPERAR 300
MOSTRAR CIRCULO2.PNG
ESPERAR 1000


;POSITIVA-E
MOSTRAR VEB06.PNG
MARCAR 1
ESPERAR 300
MOSTRAR CIRCULO2.PNG
ESPERAR 1000


;POSITIVA-C
MOSTRAR VCB08.PNG
MARCAR 2
ESPERAR 300
MOSTRAR CIRCULO2.PNG
ESPERAR 1000


;POSITIVA-C
MOSTRAR VCB33.PNG
MARCAR 2
ESPERAR 300
MOSTRAR CIRCULO2.PNG
ESPERAR 1000


;NEGATIVA
MOSTRAR VNB13.PNG
MARCAR 3
ESPERAR 300
MOSTRAR CIRCULO2.PNG
ESPERAR 1000


;POSITIVA-C
MOSTRAR VCB41.PNG
MARCAR 2
ESPERAR 300
MOSTRAR CIRCULO2.PNG
ESPERAR 1000


;NEGATIVA
MOSTRAR VNB31.PNG
MARCAR 3
ESPERAR 300
MOSTRAR CIRCULO2.PNG
ESPERAR 1000


;NEGATIVA
MOSTRAR VNB35.PNG
MARCAR 3
ESPERAR 300
MOSTRAR CIRCULO2.PNG
ESPERAR 1000


;NEUTRA
MOSTRAR VOB62.PNG
MARCAR 4
ESPERAR 300
MOSTRAR CIRCULO2.PNG
ESPERAR 1000


;NEGATIVA
MOSTRAR VNB59.PNG
MARCAR 3
ESPERAR 300
MOSTRAR CIRCULO2.PNG
ESPERAR 1000


;NEUTRA
MOSTRAR VOB28.PNG
MARCAR 4
ESPERAR 300
MOSTRAR CIRCULO2.PNG
ESPERAR 1000


;POSITIVA-C
MOSTRAR VCB12.PNG
MARCAR 2
ESPERAR 300
MOSTRAR CIRCULO2.PNG
ESPERAR 1000


;POSITIVA-E
MOSTRAR VEB13.PNG
MARCAR 1
ESPERAR 300
MOSTRAR CIRCULO2.PNG
ESPERAR 1000


;NEGATIVA
MOSTRAR VNB58.PNG
MARCAR 3
ESPERAR 300
MOSTRAR CIRCULO2.PNG
ESPERAR 1000


;POSITIVA-E
MOSTRAR VEB51.PNG
MARCAR 1
ESPERAR 300
MOSTRAR CIRCULO2.PNG
ESPERAR 1000


;POSITIVA-C
MOSTRAR VCB69.PNG
MARCAR 2
ESPERAR 300
MOSTRAR CIRCULO2.PNG
ESPERAR 1000


;POSITIVA-C
MOSTRAR VCB48.PNG
MARCAR 2
ESPERAR 300
MOSTRAR CIRCULO2.PNG
ESPERAR 1000


;POSITIVA-E
MOSTRAR VEB28.PNG
MARCAR 1
ESPERAR 300
MOSTRAR CIRCULO2.PNG
ESPERAR 1000


;NEUTRA
MOSTRAR VOB52.PNG
MARCAR 4
ESPERAR 300
MOSTRAR CIRCULO2.PNG
ESPERAR 1000


;NEUTRA
MOSTRAR VOB17.PNG
MARCAR 4
ESPERAR 300
MOSTRAR CIRCULO2.PNG
ESPERAR 1000


;POSITIVA-E
MOSTRAR VEB70.PNG
MARCAR 1
ESPERAR 300
MOSTRAR CIRCULO2.PNG
ESPERAR 1000


;NEUTRA
MOSTRAR VOB66.PNG
MARCAR 4
ESPERAR 300
MOSTRAR CIRCULO2.PNG
ESPERAR 1000


;POSITIVA-C
MOSTRAR VCB62.PNG
MARCAR 2
ESPERAR 300
MOSTRAR CIRCULO2.PNG
ESPERAR 1000


;NEUTRA
MOSTRAR VOB31.PNG
MARCAR 4
ESPERAR 300
MOSTRAR CIRCULO2.PNG
ESPERAR 1000


;NEGATIVA
MOSTRAR VNB11.PNG
MARCAR 3
ESPERAR 300
MOSTRAR CIRCULO2.PNG
ESPERAR 1000


;NEGATIVA
MOSTRAR VNB06.PNG
MARCAR 3
ESPERAR 300
MOSTRAR CIRCULO2.PNG
ESPERAR 1000


;POSITIVA-C
MOSTRAR VCB02.PNG
MARCAR 2
ESPERAR 300
MOSTRAR CIRCULO2.PNG
ESPERAR 1000


;NEUTRA
MOSTRAR VOB49.PNG
MARCAR 4
ESPERAR 300
MOSTRAR CIRCULO2.PNG
ESPERAR 1000


;POSITIVA-C
MOSTRAR VCB21.PNG
MARCAR 2
ESPERAR 300
MOSTRAR CIRCULO2.PNG
ESPERAR 1000


;NEGATIVA
MOSTRAR VNB42.PNG
MARCAR 3
ESPERAR 300
MOSTRAR CIRCULO2.PNG
ESPERAR 1000


;POSITIVA-E
MOSTRAR VEB21.PNG
MARCAR 1
ESPERAR 300
MOSTRAR CIRCULO2.PNG
ESPERAR 1000


;NEUTRA
MOSTRAR VOB51.PNG
MARCAR 4
ESPERAR 300
MOSTRAR CIRCULO2.PNG
ESPERAR 1000


;POSITIVA-E
MOSTRAR VEB14.PNG
MARCAR 1
ESPERAR 300
MOSTRAR CIRCULO2.PNG
ESPERAR 1000


;POSITIVA-E
MOSTRAR VEB05.PNG
MARCAR 1
ESPERAR 300
MOSTRAR CIRCULO2.PNG
ESPERAR 1000


;POSITIVA-E
MOSTRAR VEB61.PNG
MARCAR 1
ESPERAR 300
MOSTRAR CIRCULO2.PNG
ESPERAR 1000


;NEGATIVA
MOSTRAR VNB19.PNG
MARCAR 3
ESPERAR 300
MOSTRAR CIRCULO2.PNG
ESPERAR 1000


;POSITIVA-C
MOSTRAR VCB17.PNG
MARCAR 2
ESPERAR 300
MOSTRAR CIRCULO2.PNG
ESPERAR 1000


;POSITIVA-E
MOSTRAR VEB25.PNG
MARCAR 1
ESPERAR 300
MOSTRAR CIRCULO2.PNG
ESPERAR 1000


;POSITIVA-E
MOSTRAR VEB49.PNG
MARCAR 1
ESPERAR 300
MOSTRAR CIRCULO2.PNG
ESPERAR 1000


;POSITIVA-E
MOSTRAR VEB63.PNG
MARCAR 1
ESPERAR 300
MOSTRAR CIRCULO2.PNG
ESPERAR 1000


;POSITIVA-E
MOSTRAR VEB17.PNG
MARCAR 1
ESPERAR 300
MOSTRAR CIRCULO2.PNG
ESPERAR 1000


;POSITIVA-E
MOSTRAR VEB26.PNG
MARCAR 1
ESPERAR 300
MOSTRAR CIRCULO2.PNG
ESPERAR 1000


;POSITIVA-C
MOSTRAR VCB01.PNG
MARCAR 2
ESPERAR 300
MOSTRAR CIRCULO2.PNG
ESPERAR 1000


;POSITIVA-E
MOSTRAR VEB56.PNG
MARCAR 1
ESPERAR 300
MOSTRAR CIRCULO2.PNG
ESPERAR 1000


;NEUTRA
MOSTRAR VOB23.PNG
MARCAR 4
ESPERAR 300
MOSTRAR CIRCULO2.PNG
ESPERAR 1000


;NEUTRA
MOSTRAR VOB14.PNG
MARCAR 4
ESPERAR 300
MOSTRAR CIRCULO2.PNG
ESPERAR 1000


;POSITIVA-C
MOSTRAR VCB45.PNG
MARCAR 2
ESPERAR 300
MOSTRAR CIRCULO2.PNG
ESPERAR 1000


;NEGATIVA
MOSTRAR VNB60.PNG
MARCAR 3
ESPERAR 300
MOSTRAR CIRCULO2.PNG
ESPERAR 1000


;NEGATIVA
MOSTRAR VNB05.PNG
MARCAR 3
ESPERAR 300
MOSTRAR CIRCULO2.PNG
ESPERAR 1000


;POSITIVA-E
MOSTRAR VEB09.PNG
MARCAR 1
ESPERAR 300
MOSTRAR CIRCULO2.PNG
ESPERAR 1000


;NEGATIVA
MOSTRAR VNB39.PNG
MARCAR 3
ESPERAR 300
MOSTRAR CIRCULO2.PNG
ESPERAR 1000


;NEUTRA
MOSTRAR VOB05.PNG
MARCAR 4
ESPERAR 300
MOSTRAR CIRCULO2.PNG
ESPERAR 1000


;POSITIVA-E
MOSTRAR VEB16.PNG
MARCAR 1
ESPERAR 300
MOSTRAR CIRCULO2.PNG
ESPERAR 1000


;POSITIVA-C
MOSTRAR VCB29.PNG
MARCAR 2
ESPERAR 300
MOSTRAR CIRCULO2.PNG
ESPERAR 1000


;POSITIVA-E
MOSTRAR VEB23.PNG
MARCAR 1
ESPERAR 300
MOSTRAR CIRCULO2.PNG
ESPERAR 1000


;POSITIVA-E
MOSTRAR VEB30.PNG
MARCAR 1
ESPERAR 300
MOSTRAR CIRCULO2.PNG
ESPERAR 1000


;POSITIVA-C
MOSTRAR VCB42.PNG
MARCAR 2
ESPERAR 300
MOSTRAR CIRCULO2.PNG
ESPERAR 1000


;NEUTRA
MOSTRAR VOB16.PNG
MARCAR 4
ESPERAR 300
MOSTRAR CIRCULO2.PNG
ESPERAR 1000


;NEUTRA
MOSTRAR VOB32.PNG
MARCAR 4
ESPERAR 300
MOSTRAR CIRCULO2.PNG
ESPERAR 1000


;POSITIVA-C
MOSTRAR VCB68.PNG
MARCAR 2
ESPERAR 300
MOSTRAR CIRCULO2.PNG
ESPERAR 1000


;NEGATIVA
MOSTRAR VNB37.PNG
MARCAR 3
ESPERAR 300
MOSTRAR CIRCULO2.PNG
ESPERAR 1000


;NEUTRA
MOSTRAR VOB57.PNG
MARCAR 4
ESPERAR 300
MOSTRAR CIRCULO2.PNG
ESPERAR 1000


;POSITIVA-C
MOSTRAR VCB49.PNG
MARCAR 2
ESPERAR 300
MOSTRAR CIRCULO2.PNG
ESPERAR 1000


;POSITIVA-E
MOSTRAR VEB57.PNG
MARCAR 1
ESPERAR 300
MOSTRAR CIRCULO2.PNG
ESPERAR 1000


;POSITIVA-E
MOSTRAR VEB43.PNG
MARCAR 1
ESPERAR 300
MOSTRAR CIRCULO2.PNG
ESPERAR 1000


;NEUTRA
MOSTRAR VOB38.PNG
MARCAR 4
ESPERAR 300
MOSTRAR CIRCULO2.PNG
ESPERAR 1000


;NEGATIVA
MOSTRAR VNB38.PNG
MARCAR 3
ESPERAR 300
MOSTRAR CIRCULO2.PNG
ESPERAR 1000


;POSITIVA-E
MOSTRAR VEB35.PNG
MARCAR 1
ESPERAR 300
MOSTRAR CIRCULO2.PNG
ESPERAR 1000


;POSITIVA-C
MOSTRAR VCB67.PNG
MARCAR 2
ESPERAR 300
MOSTRAR CIRCULO2.PNG
ESPERAR 1000


;NEGATIVA
MOSTRAR VNB26.PNG
MARCAR 3
ESPERAR 300
MOSTRAR CIRCULO2.PNG
ESPERAR 1000


;NEUTRA
MOSTRAR VOB69.PNG
MARCAR 4
ESPERAR 300
MOSTRAR CIRCULO2.PNG
ESPERAR 1000


;NEUTRA
MOSTRAR VOB63.PNG
MARCAR 4
ESPERAR 300
MOSTRAR CIRCULO2.PNG
ESPERAR 1000


;POSITIVA-E
MOSTRAR VEB34.PNG
MARCAR 1
ESPERAR 300
MOSTRAR CIRCULO2.PNG
ESPERAR 1000


;POSITIVA-E
MOSTRAR VEB07.PNG
MARCAR 1
ESPERAR 300
MOSTRAR CIRCULO2.PNG
ESPERAR 1000


;NEGATIVA
MOSTRAR VNB55.PNG
MARCAR 3
ESPERAR 300
MOSTRAR CIRCULO2.PNG
ESPERAR 1000


;POSITIVA-E
MOSTRAR VEB37.PNG
MARCAR 1
ESPERAR 300
MOSTRAR CIRCULO2.PNG
ESPERAR 1000


;POSITIVA-E
MOSTRAR VEB47.PNG
MARCAR 1
ESPERAR 300
MOSTRAR CIRCULO2.PNG
ESPERAR 1000


;NEGATIVA
MOSTRAR VNB36.PNG
MARCAR 3
ESPERAR 300
MOSTRAR CIRCULO2.PNG
ESPERAR 1000


;POSITIVA-E
MOSTRAR VEB01.PNG
MARCAR 1
ESPERAR 300
MOSTRAR CIRCULO2.PNG
ESPERAR 1000


;NEGATIVA
MOSTRAR VNB32.PNG
MARCAR 3
ESPERAR 300
MOSTRAR CIRCULO2.PNG
ESPERAR 1000


;NEGATIVA
MOSTRAR VNB16.PNG
MARCAR 3
ESPERAR 300
MOSTRAR CIRCULO2.PNG
ESPERAR 1000


;NEUTRA
MOSTRAR VOB20.PNG
MARCAR 4
ESPERAR 300
MOSTRAR CIRCULO2.PNG
ESPERAR 1000


;NEGATIVA
MOSTRAR VNB45.PNG
MARCAR 3
ESPERAR 300
MOSTRAR CIRCULO2.PNG
ESPERAR 1000


;NEGATIVA
MOSTRAR VNB53.PNG
MARCAR 3
ESPERAR 300
MOSTRAR CIRCULO2.PNG
ESPERAR 1000


;NEGATIVA
MOSTRAR VNB14.PNG
MARCAR 3
ESPERAR 300
MOSTRAR CIRCULO2.PNG
ESPERAR 1000


;POSITIVA-E
MOSTRAR VEB11.PNG
MARCAR 1
ESPERAR 300
MOSTRAR CIRCULO2.PNG
ESPERAR 1000


;POSITIVA-C
MOSTRAR VCB24.PNG
MARCAR 2
ESPERAR 300
MOSTRAR CIRCULO2.PNG
ESPERAR 1000


;NEUTRA
MOSTRAR VOB36.PNG
MARCAR 4
ESPERAR 300
MOSTRAR CIRCULO2.PNG
ESPERAR 1000


;NEUTRA
MOSTRAR VOB21.PNG
MARCAR 4
ESPERAR 300
MOSTRAR CIRCULO2.PNG
ESPERAR 1000


;NEGATIVA
MOSTRAR VNB66.PNG
MARCAR 3
ESPERAR 300
MOSTRAR CIRCULO2.PNG
ESPERAR 1000


;POSITIVA-C
MOSTRAR VCB13.PNG
MARCAR 2
ESPERAR 300
MOSTRAR CIRCULO2.PNG
ESPERAR 1000


;NEUTRA
MOSTRAR VOB04.PNG
MARCAR 4
ESPERAR 300
MOSTRAR CIRCULO2.PNG
ESPERAR 1000


;POSITIVA-C
MOSTRAR VCB54.PNG
MARCAR 2
ESPERAR 300
MOSTRAR CIRCULO2.PNG
ESPERAR 1000


;POSITIVA-E
MOSTRAR VEB31.PNG
MARCAR 1
ESPERAR 300
MOSTRAR CIRCULO2.PNG
ESPERAR 1000


;NEGATIVA
MOSTRAR VNB40.PNG
MARCAR 3
ESPERAR 300
MOSTRAR CIRCULO2.PNG
ESPERAR 1000


;NEUTRA
MOSTRAR VOB70.PNG
MARCAR 4
ESPERAR 300
MOSTRAR CIRCULO2.PNG
ESPERAR 1000


;NEUTRA
MOSTRAR VOB60.PNG
MARCAR 4
ESPERAR 300
MOSTRAR CIRCULO2.PNG
ESPERAR 1000


;POSITIVA-C
MOSTRAR VCB43.PNG
MARCAR 2
ESPERAR 300
MOSTRAR CIRCULO2.PNG
ESPERAR 1000


;NEUTRA
MOSTRAR VOB48.PNG
MARCAR 4
ESPERAR 300
MOSTRAR CIRCULO2.PNG
ESPERAR 1000


;POSITIVA-C
MOSTRAR VCB30.PNG
MARCAR 2
ESPERAR 300
MOSTRAR CIRCULO2.PNG
ESPERAR 1000


;NEGATIVA
MOSTRAR VNB65.PNG
MARCAR 3
ESPERAR 300
MOSTRAR CIRCULO2.PNG
ESPERAR 1000


;NEUTRA
MOSTRAR VOB40.PNG
MARCAR 4
ESPERAR 300
MOSTRAR CIRCULO2.PNG
ESPERAR 1000


;NEUTRA
MOSTRAR VOB07.PNG
MARCAR 4
ESPERAR 300
MOSTRAR CIRCULO2.PNG
ESPERAR 1000


;NEGATIVA
MOSTRAR VNB54.PNG
MARCAR 3
ESPERAR 300
MOSTRAR CIRCULO2.PNG
ESPERAR 1000


;POSITIVA-C
MOSTRAR VCB64.PNG
MARCAR 2
ESPERAR 300
MOSTRAR CIRCULO2.PNG
ESPERAR 1000


;NEUTRA
MOSTRAR VOB55.PNG
MARCAR 4
ESPERAR 300
MOSTRAR CIRCULO2.PNG
ESPERAR 1000


;NEUTRA
MOSTRAR VOB65.PNG
MARCAR 4
ESPERAR 300
MOSTRAR CIRCULO2.PNG
ESPERAR 1000


;NEUTRA
MOSTRAR VOB18.PNG
MARCAR 4
ESPERAR 300
MOSTRAR CIRCULO2.PNG
ESPERAR 1000


;POSITIVA-E
MOSTRAR VEB27.PNG
MARCAR 1
ESPERAR 300
MOSTRAR CIRCULO2.PNG
ESPERAR 1000


;NEUTRA
MOSTRAR VOB29.PNG
MARCAR 4
ESPERAR 300
MOSTRAR CIRCULO2.PNG
ESPERAR 1000


;POSITIVA-E
MOSTRAR VEB42.PNG
MARCAR 1
ESPERAR 300
MOSTRAR CIRCULO2.PNG
ESPERAR 1000


;NEGATIVA
MOSTRAR VNB61.PNG
MARCAR 3
ESPERAR 300
MOSTRAR CIRCULO2.PNG
ESPERAR 1000


;POSITIVA-E
MOSTRAR VEB24.PNG
MARCAR 1
ESPERAR 300
MOSTRAR CIRCULO2.PNG
ESPERAR 1000


;NEUTRA
MOSTRAR VOB61.PNG
MARCAR 4
ESPERAR 300
MOSTRAR CIRCULO2.PNG
ESPERAR 1000

