;Protocolo ENTRENAMIENTO HORIZONTAL - VERTICAL

FULLSCREEN false
USE_MATRIX false
USE_EEG false
CENTER_MOUSE true
KGS_VIBRATE false
USE_SPACEKEY false

; HORIZONTAL => MARCA 1
; VERTICAL => MARCA 2

INICIAR inicio-experimento.png
ESPERAR 3000

;Lanza la imagen y espera la tecla espacio
KGS stim_pancita_abajo.jpg
SPACESTOP

KGS stim_linea_horizontal.jpg
MARCAR 1
ESPERAR 300
KGS white.png
ESPERAR 700


KGS stim_linea_vertical.jpg
MARCAR 2
ESPERAR 300
KGS white.png
ESPERAR 700


KGS stim_linea_horizontal.jpg
MARCAR 1
ESPERAR 300
KGS white.png
ESPERAR 700


KGS stim_linea_vertical.jpg
MARCAR 2
ESPERAR 300
KGS white.png
ESPERAR 700


KGS stim_linea_horizontal.jpg
MARCAR 1
ESPERAR 300
KGS white.png
ESPERAR 700


KGS stim_linea_vertical.jpg
MARCAR 2
ESPERAR 300
KGS white.png
ESPERAR 700


KGS stim_linea_horizontal.jpg
MARCAR 1
ESPERAR 300
KGS white.png
ESPERAR 700


KGS stim_linea_vertical.jpg
MARCAR 2
ESPERAR 300
KGS white.png
ESPERAR 700


KGS stim_linea_horizontal.jpg
MARCAR 1
ESPERAR 300
KGS white.png
ESPERAR 700


KGS stim_linea_vertical.jpg
MARCAR 2
ESPERAR 300
KGS white.png
ESPERAR 700


KGS stim_linea_horizontal.jpg
MARCAR 1
ESPERAR 300
KGS white.png
ESPERAR 700


KGS stim_linea_vertical.jpg
MARCAR 2
ESPERAR 300
KGS white.png
ESPERAR 700


KGS stim_linea_horizontal.jpg
MARCAR 1
ESPERAR 300
KGS white.png
ESPERAR 700


KGS stim_linea_vertical.jpg
MARCAR 2
ESPERAR 300
KGS white.png
ESPERAR 700


KGS stim_linea_horizontal.jpg
MARCAR 1
ESPERAR 300
KGS white.png
ESPERAR 700


KGS stim_linea_vertical.jpg
MARCAR 2
ESPERAR 300
KGS white.png
ESPERAR 700


KGS stim_linea_horizontal.jpg
MARCAR 1
ESPERAR 300
KGS white.png
ESPERAR 700


KGS stim_linea_vertical.jpg
MARCAR 2
ESPERAR 300
KGS white.png
ESPERAR 700


KGS stim_linea_horizontal.jpg
MARCAR 1
ESPERAR 300
KGS white.png
ESPERAR 700


KGS stim_linea_vertical.jpg
MARCAR 2
ESPERAR 300
KGS white.png
ESPERAR 700


KGS stim_linea_horizontal.jpg
MARCAR 1
ESPERAR 300
KGS white.png
ESPERAR 700


KGS stim_linea_vertical.jpg
MARCAR 2
ESPERAR 300
KGS white.png
ESPERAR 700


KGS stim_linea_horizontal.jpg
MARCAR 1
ESPERAR 300
KGS white.png
ESPERAR 700


KGS stim_linea_vertical.jpg
MARCAR 2
ESPERAR 300
KGS white.png
ESPERAR 700


KGS stim_linea_horizontal.jpg
MARCAR 1
ESPERAR 300
KGS white.png
ESPERAR 700


KGS stim_linea_vertical.jpg
MARCAR 2
ESPERAR 300
KGS white.png
ESPERAR 700


KGS stim_linea_horizontal.jpg
MARCAR 1
ESPERAR 300
KGS white.png
ESPERAR 700


KGS stim_linea_vertical.jpg
MARCAR 2
ESPERAR 300
KGS white.png
ESPERAR 700


KGS stim_linea_horizontal.jpg
MARCAR 1
ESPERAR 300
KGS white.png
ESPERAR 700


KGS stim_linea_vertical.jpg
MARCAR 2
ESPERAR 300
KGS white.png
ESPERAR 700


KGS stim_linea_horizontal.jpg
MARCAR 1
ESPERAR 300
KGS white.png
ESPERAR 700


KGS stim_linea_vertical.jpg
MARCAR 2
ESPERAR 300
KGS white.png
ESPERAR 700


KGS stim_linea_horizontal.jpg
MARCAR 1
ESPERAR 300
KGS white.png
ESPERAR 700


KGS stim_linea_vertical.jpg
MARCAR 2
ESPERAR 300
KGS white.png
ESPERAR 700


KGS stim_linea_horizontal.jpg
MARCAR 1
ESPERAR 300
KGS white.png
ESPERAR 700


KGS stim_linea_vertical.jpg
MARCAR 2
ESPERAR 300
KGS white.png
ESPERAR 700


KGS stim_linea_horizontal.jpg
MARCAR 1
ESPERAR 300
KGS white.png
ESPERAR 700


KGS stim_linea_vertical.jpg
MARCAR 2
ESPERAR 300
KGS white.png
ESPERAR 700


KGS stim_linea_horizontal.jpg
MARCAR 1
ESPERAR 300
KGS white.png
ESPERAR 700


KGS stim_linea_vertical.jpg
MARCAR 2
ESPERAR 300
KGS white.png
ESPERAR 700


KGS stim_linea_horizontal.jpg
MARCAR 1
ESPERAR 300
KGS white.png
ESPERAR 700


KGS stim_linea_vertical.jpg
MARCAR 2
ESPERAR 300
KGS white.png
ESPERAR 700


KGS stim_linea_horizontal.jpg
MARCAR 1
ESPERAR 300
KGS white.png
ESPERAR 700


KGS stim_linea_vertical.jpg
MARCAR 2
ESPERAR 300
KGS white.png
ESPERAR 700


KGS stim_linea_horizontal.jpg
MARCAR 1
ESPERAR 300
KGS white.png
ESPERAR 700


KGS stim_linea_vertical.jpg
MARCAR 2
ESPERAR 300
KGS white.png
ESPERAR 700


KGS stim_linea_horizontal.jpg
MARCAR 1
ESPERAR 300
KGS white.png
ESPERAR 700


KGS stim_linea_vertical.jpg
MARCAR 2
ESPERAR 300
KGS white.png
ESPERAR 700


KGS stim_linea_horizontal.jpg
MARCAR 1
ESPERAR 300
KGS white.png
ESPERAR 700


KGS stim_linea_vertical.jpg
MARCAR 2
ESPERAR 300
KGS white.png
ESPERAR 700


KGS stim_linea_horizontal.jpg
MARCAR 1
ESPERAR 300
KGS white.png
ESPERAR 700


KGS stim_linea_vertical.jpg
MARCAR 2
ESPERAR 300
KGS white.png
ESPERAR 700


KGS stim_linea_horizontal.jpg
MARCAR 1
ESPERAR 300
KGS white.png
ESPERAR 700


KGS stim_linea_vertical.jpg
MARCAR 2
ESPERAR 300
KGS white.png
ESPERAR 700


KGS stim_linea_horizontal.jpg
MARCAR 1
ESPERAR 300
KGS white.png
ESPERAR 700


KGS stim_linea_vertical.jpg
MARCAR 2
ESPERAR 300
KGS white.png
ESPERAR 700


KGS stim_linea_horizontal.jpg
MARCAR 1
ESPERAR 300
KGS white.png
ESPERAR 700


KGS stim_linea_vertical.jpg
MARCAR 2
ESPERAR 300
KGS white.png
ESPERAR 700


KGS stim_linea_horizontal.jpg
MARCAR 1
ESPERAR 300
KGS white.png
ESPERAR 700


KGS stim_linea_vertical.jpg
MARCAR 2
ESPERAR 300
KGS white.png
ESPERAR 700


KGS stim_linea_horizontal.jpg
MARCAR 1
ESPERAR 300
KGS white.png
ESPERAR 700


KGS stim_linea_vertical.jpg
MARCAR 2
ESPERAR 300
KGS white.png
ESPERAR 700


KGS stim_linea_horizontal.jpg
MARCAR 1
ESPERAR 300
KGS white.png
ESPERAR 700


KGS stim_linea_vertical.jpg
MARCAR 2
ESPERAR 300
KGS white.png
ESPERAR 700


KGS stim_linea_horizontal.jpg
MARCAR 1
ESPERAR 300
KGS white.png
ESPERAR 700


KGS stim_linea_vertical.jpg
MARCAR 2
ESPERAR 300
KGS white.png
ESPERAR 700


KGS stim_linea_horizontal.jpg
MARCAR 1
ESPERAR 300
KGS white.png
ESPERAR 700


KGS stim_linea_vertical.jpg
MARCAR 2
ESPERAR 300
KGS white.png
ESPERAR 700


KGS stim_linea_horizontal.jpg
MARCAR 1
ESPERAR 300
KGS white.png
ESPERAR 700


KGS stim_linea_vertical.jpg
MARCAR 2
ESPERAR 300
KGS white.png
ESPERAR 700


KGS stim_linea_horizontal.jpg
MARCAR 1
ESPERAR 300
KGS white.png
ESPERAR 700


KGS stim_linea_vertical.jpg
MARCAR 2
ESPERAR 300
KGS white.png
ESPERAR 700


KGS stim_linea_horizontal.jpg
MARCAR 1
ESPERAR 300
KGS white.png
ESPERAR 700


KGS stim_linea_vertical.jpg
MARCAR 2
ESPERAR 300
KGS white.png
ESPERAR 700


KGS stim_linea_horizontal.jpg
MARCAR 1
ESPERAR 300
KGS white.png
ESPERAR 700


KGS stim_linea_vertical.jpg
MARCAR 2
ESPERAR 300
KGS white.png
ESPERAR 700


KGS stim_linea_horizontal.jpg
MARCAR 1
ESPERAR 300
KGS white.png
ESPERAR 700


KGS stim_linea_vertical.jpg
MARCAR 2
ESPERAR 300
KGS white.png
ESPERAR 700


KGS stim_linea_horizontal.jpg
MARCAR 1
ESPERAR 300
KGS white.png
ESPERAR 700


KGS stim_linea_vertical.jpg
MARCAR 2
ESPERAR 300
KGS white.png
ESPERAR 700


KGS stim_linea_horizontal.jpg
MARCAR 1
ESPERAR 300
KGS white.png
ESPERAR 700


KGS stim_linea_vertical.jpg
MARCAR 2
ESPERAR 300
KGS white.png
ESPERAR 700


KGS stim_linea_horizontal.jpg
MARCAR 1
ESPERAR 300
KGS white.png
ESPERAR 700


KGS stim_linea_vertical.jpg
MARCAR 2
ESPERAR 300
KGS white.png
ESPERAR 700


KGS stim_linea_horizontal.jpg
MARCAR 1
ESPERAR 300
KGS white.png
ESPERAR 700


KGS stim_linea_vertical.jpg
MARCAR 2
ESPERAR 300
KGS white.png
ESPERAR 700


KGS stim_linea_horizontal.jpg
MARCAR 1
ESPERAR 300
KGS white.png
ESPERAR 700


KGS stim_linea_vertical.jpg
MARCAR 2
ESPERAR 300
KGS white.png
ESPERAR 700


KGS stim_linea_horizontal.jpg
MARCAR 1
ESPERAR 300
KGS white.png
ESPERAR 700


KGS stim_linea_vertical.jpg
MARCAR 2
ESPERAR 300
KGS white.png
ESPERAR 700


KGS stim_linea_horizontal.jpg
MARCAR 1
ESPERAR 300
KGS white.png
ESPERAR 700


KGS stim_linea_vertical.jpg
MARCAR 2
ESPERAR 300
KGS white.png
ESPERAR 700


KGS stim_linea_horizontal.jpg
MARCAR 1
ESPERAR 300
KGS white.png
ESPERAR 700


KGS stim_linea_vertical.jpg
MARCAR 2
ESPERAR 300
KGS white.png
ESPERAR 700


KGS stim_linea_horizontal.jpg
MARCAR 1
ESPERAR 300
KGS white.png
ESPERAR 700


KGS stim_linea_vertical.jpg
MARCAR 2
ESPERAR 300
KGS white.png
ESPERAR 700


KGS stim_linea_horizontal.jpg
MARCAR 1
ESPERAR 300
KGS white.png
ESPERAR 700


KGS stim_linea_vertical.jpg
MARCAR 2
ESPERAR 300
KGS white.png
ESPERAR 700


KGS stim_linea_horizontal.jpg
MARCAR 1
ESPERAR 300
KGS white.png
ESPERAR 700


KGS stim_linea_vertical.jpg
MARCAR 2
ESPERAR 300
KGS white.png
ESPERAR 700


KGS stim_linea_horizontal.jpg
MARCAR 1
ESPERAR 300
KGS white.png
ESPERAR 700


KGS stim_linea_vertical.jpg
MARCAR 2
ESPERAR 300
KGS white.png
ESPERAR 700


KGS stim_linea_horizontal.jpg
MARCAR 1
ESPERAR 300
KGS white.png
ESPERAR 700


KGS stim_linea_vertical.jpg
MARCAR 2
ESPERAR 300
KGS white.png
ESPERAR 700


KGS stim_linea_horizontal.jpg
MARCAR 1
ESPERAR 300
KGS white.png
ESPERAR 700


KGS stim_linea_vertical.jpg
MARCAR 2
ESPERAR 300
KGS white.png
ESPERAR 700


KGS stim_linea_horizontal.jpg
MARCAR 1
ESPERAR 300
KGS white.png
ESPERAR 700


KGS stim_linea_vertical.jpg
MARCAR 2
ESPERAR 300
KGS white.png
ESPERAR 700


KGS stim_linea_horizontal.jpg
MARCAR 1
ESPERAR 300
KGS white.png
ESPERAR 700


KGS stim_linea_vertical.jpg
MARCAR 2
ESPERAR 300
KGS white.png
ESPERAR 700


KGS stim_linea_horizontal.jpg
MARCAR 1
ESPERAR 300
KGS white.png
ESPERAR 700


KGS stim_linea_vertical.jpg
MARCAR 2
ESPERAR 300
KGS white.png
ESPERAR 700


KGS stim_linea_horizontal.jpg
MARCAR 1
ESPERAR 300
KGS white.png
ESPERAR 700


KGS stim_linea_vertical.jpg
MARCAR 2
ESPERAR 300
KGS white.png
ESPERAR 700


KGS stim_linea_horizontal.jpg
MARCAR 1
ESPERAR 300
KGS white.png
ESPERAR 700


KGS stim_linea_vertical.jpg
MARCAR 2
ESPERAR 300
KGS white.png
ESPERAR 700


KGS stim_linea_horizontal.jpg
MARCAR 1
ESPERAR 300
KGS white.png
ESPERAR 700


KGS stim_linea_vertical.jpg
MARCAR 2
ESPERAR 300
KGS white.png
ESPERAR 700


KGS stim_linea_horizontal.jpg
MARCAR 1
ESPERAR 300
KGS white.png
ESPERAR 700


KGS stim_linea_vertical.jpg
MARCAR 2
ESPERAR 300
KGS white.png
ESPERAR 700


KGS stim_linea_horizontal.jpg
MARCAR 1
ESPERAR 300
KGS white.png
ESPERAR 700


KGS stim_linea_vertical.jpg
MARCAR 2
ESPERAR 300
KGS white.png
ESPERAR 700


KGS stim_linea_horizontal.jpg
MARCAR 1
ESPERAR 300
KGS white.png
ESPERAR 700


KGS stim_linea_vertical.jpg
MARCAR 2
ESPERAR 300
KGS white.png
ESPERAR 700


KGS stim_linea_horizontal.jpg
MARCAR 1
ESPERAR 300
KGS white.png
ESPERAR 700


KGS stim_linea_vertical.jpg
MARCAR 2
ESPERAR 300
KGS white.png
ESPERAR 700


KGS stim_linea_horizontal.jpg
MARCAR 1
ESPERAR 300
KGS white.png
ESPERAR 700


KGS stim_linea_vertical.jpg
MARCAR 2
ESPERAR 300
KGS white.png
ESPERAR 700


KGS stim_linea_horizontal.jpg
MARCAR 1
ESPERAR 300
KGS white.png
ESPERAR 700


KGS stim_linea_vertical.jpg
MARCAR 2
ESPERAR 300
KGS white.png
ESPERAR 700


KGS stim_linea_horizontal.jpg
MARCAR 1
ESPERAR 300
KGS white.png
ESPERAR 700


KGS stim_linea_vertical.jpg
MARCAR 2
ESPERAR 300
KGS white.png
ESPERAR 700


KGS stim_linea_horizontal.jpg
MARCAR 1
ESPERAR 300
KGS white.png
ESPERAR 700


KGS stim_linea_vertical.jpg
MARCAR 2
ESPERAR 300
KGS white.png
ESPERAR 700


KGS stim_linea_horizontal.jpg
MARCAR 1
ESPERAR 300
KGS white.png
ESPERAR 700


KGS stim_linea_vertical.jpg
MARCAR 2
ESPERAR 300
KGS white.png
ESPERAR 700


KGS stim_linea_horizontal.jpg
MARCAR 1
ESPERAR 300
KGS white.png
ESPERAR 700


KGS stim_linea_vertical.jpg
MARCAR 2
ESPERAR 300
KGS white.png
ESPERAR 700


KGS stim_linea_horizontal.jpg
MARCAR 1
ESPERAR 300
KGS white.png
ESPERAR 700


KGS stim_linea_vertical.jpg
MARCAR 2
ESPERAR 300
KGS white.png
ESPERAR 700


KGS stim_linea_horizontal.jpg
MARCAR 1
ESPERAR 300
KGS white.png
ESPERAR 700


KGS stim_linea_vertical.jpg
MARCAR 2
ESPERAR 300
KGS white.png
ESPERAR 700


KGS stim_linea_horizontal.jpg
MARCAR 1
ESPERAR 300
KGS white.png
ESPERAR 700


KGS stim_linea_vertical.jpg
MARCAR 2
ESPERAR 300
KGS white.png
ESPERAR 700


KGS stim_linea_horizontal.jpg
MARCAR 1
ESPERAR 300
KGS white.png
ESPERAR 700


KGS stim_linea_vertical.jpg
MARCAR 2
ESPERAR 300
KGS white.png
ESPERAR 700


KGS stim_linea_horizontal.jpg
MARCAR 1
ESPERAR 300
KGS white.png
ESPERAR 700


KGS stim_linea_vertical.jpg
MARCAR 2
ESPERAR 300
KGS white.png
ESPERAR 700


KGS stim_linea_horizontal.jpg
MARCAR 1
ESPERAR 300
KGS white.png
ESPERAR 700


KGS stim_linea_vertical.jpg
MARCAR 2
ESPERAR 300
KGS white.png
ESPERAR 700


KGS stim_linea_horizontal.jpg
MARCAR 1
ESPERAR 300
KGS white.png
ESPERAR 700


KGS stim_linea_vertical.jpg
MARCAR 2
ESPERAR 300
KGS white.png
ESPERAR 700


KGS stim_linea_horizontal.jpg
MARCAR 1
ESPERAR 300
KGS white.png
ESPERAR 700


KGS stim_linea_vertical.jpg
MARCAR 2
ESPERAR 300
KGS white.png
ESPERAR 700


KGS stim_linea_horizontal.jpg
MARCAR 1
ESPERAR 300
KGS white.png
ESPERAR 700


KGS stim_linea_vertical.jpg
MARCAR 2
ESPERAR 300
KGS white.png
ESPERAR 700


KGS stim_linea_horizontal.jpg
MARCAR 1
ESPERAR 300
KGS white.png
ESPERAR 700


KGS stim_linea_vertical.jpg
MARCAR 2
ESPERAR 300
KGS white.png
ESPERAR 700


KGS stim_linea_horizontal.jpg
MARCAR 1
ESPERAR 300
KGS white.png
ESPERAR 700


KGS stim_linea_vertical.jpg
MARCAR 2
ESPERAR 300
KGS white.png
ESPERAR 700


KGS stim_linea_horizontal.jpg
MARCAR 1
ESPERAR 300
KGS white.png
ESPERAR 700


KGS stim_linea_vertical.jpg
MARCAR 2
ESPERAR 300
KGS white.png
ESPERAR 700


KGS stim_linea_horizontal.jpg
MARCAR 1
ESPERAR 300
KGS white.png
ESPERAR 700


KGS stim_linea_vertical.jpg
MARCAR 2
ESPERAR 300
KGS white.png
ESPERAR 700


KGS stim_linea_horizontal.jpg
MARCAR 1
ESPERAR 300
KGS white.png
ESPERAR 700


KGS stim_linea_vertical.jpg
MARCAR 2
ESPERAR 300
KGS white.png
ESPERAR 700


KGS stim_linea_horizontal.jpg
MARCAR 1
ESPERAR 300
KGS white.png
ESPERAR 700


KGS stim_linea_vertical.jpg
MARCAR 2
ESPERAR 300
KGS white.png
ESPERAR 700


KGS stim_linea_horizontal.jpg
MARCAR 1
ESPERAR 300
KGS white.png
ESPERAR 700


KGS stim_linea_vertical.jpg
MARCAR 2
ESPERAR 300
KGS white.png
ESPERAR 700


KGS stim_linea_horizontal.jpg
MARCAR 1
ESPERAR 300
KGS white.png
ESPERAR 700


KGS stim_linea_vertical.jpg
MARCAR 2
ESPERAR 300
KGS white.png
ESPERAR 700


KGS stim_linea_horizontal.jpg
MARCAR 1
ESPERAR 300
KGS white.png
ESPERAR 700


KGS stim_linea_vertical.jpg
MARCAR 2
ESPERAR 300
KGS white.png
ESPERAR 700


KGS stim_linea_horizontal.jpg
MARCAR 1
ESPERAR 300
KGS white.png
ESPERAR 700


KGS stim_linea_vertical.jpg
MARCAR 2
ESPERAR 300
KGS white.png
ESPERAR 700


KGS stim_linea_horizontal.jpg
MARCAR 1
ESPERAR 300
KGS white.png
ESPERAR 700


KGS stim_linea_vertical.jpg
MARCAR 2
ESPERAR 300
KGS white.png
ESPERAR 700


KGS stim_linea_horizontal.jpg
MARCAR 1
ESPERAR 300
KGS white.png
ESPERAR 700


KGS stim_linea_vertical.jpg
MARCAR 2
ESPERAR 300
KGS white.png
ESPERAR 700


KGS stim_linea_horizontal.jpg
MARCAR 1
ESPERAR 300
KGS white.png
ESPERAR 700


KGS stim_linea_vertical.jpg
MARCAR 2
ESPERAR 300
KGS white.png
ESPERAR 700


KGS stim_linea_horizontal.jpg
MARCAR 1
ESPERAR 300
KGS white.png
ESPERAR 700


KGS stim_linea_vertical.jpg
MARCAR 2
ESPERAR 300
KGS white.png
ESPERAR 700


KGS stim_linea_horizontal.jpg
MARCAR 1
ESPERAR 300
KGS white.png
ESPERAR 700


KGS stim_linea_vertical.jpg
MARCAR 2
ESPERAR 300
KGS white.png
ESPERAR 700


KGS stim_linea_horizontal.jpg
MARCAR 1
ESPERAR 300
KGS white.png
ESPERAR 700


KGS stim_linea_vertical.jpg
MARCAR 2
ESPERAR 300
KGS white.png
ESPERAR 700


KGS stim_linea_horizontal.jpg
MARCAR 1
ESPERAR 300
KGS white.png
ESPERAR 700


KGS stim_linea_vertical.jpg
MARCAR 2
ESPERAR 300
KGS white.png
ESPERAR 700


KGS stim_linea_horizontal.jpg
MARCAR 1
ESPERAR 300
KGS white.png
ESPERAR 700


KGS stim_linea_vertical.jpg
MARCAR 2
ESPERAR 300
KGS white.png
ESPERAR 700


KGS stim_linea_horizontal.jpg
MARCAR 1
ESPERAR 300
KGS white.png
ESPERAR 700


KGS stim_linea_vertical.jpg
MARCAR 2
ESPERAR 300
KGS white.png
ESPERAR 700


KGS stim_linea_horizontal.jpg
MARCAR 1
ESPERAR 300
KGS white.png
ESPERAR 700


KGS stim_linea_vertical.jpg
MARCAR 2
ESPERAR 300
KGS white.png
ESPERAR 700


KGS stim_linea_horizontal.jpg
MARCAR 1
ESPERAR 300
KGS white.png
ESPERAR 700


KGS stim_linea_vertical.jpg
MARCAR 2
ESPERAR 300
KGS white.png
ESPERAR 700


KGS stim_linea_horizontal.jpg
MARCAR 1
ESPERAR 300
KGS white.png
ESPERAR 700


KGS stim_linea_vertical.jpg
MARCAR 2
ESPERAR 300
KGS white.png
ESPERAR 700


KGS stim_linea_horizontal.jpg
MARCAR 1
ESPERAR 300
KGS white.png
ESPERAR 700


KGS stim_linea_vertical.jpg
MARCAR 2
ESPERAR 300
KGS white.png
ESPERAR 700


KGS stim_linea_horizontal.jpg
MARCAR 1
ESPERAR 300
KGS white.png
ESPERAR 700


KGS stim_linea_vertical.jpg
MARCAR 2
ESPERAR 300
KGS white.png
ESPERAR 700


KGS stim_linea_horizontal.jpg
MARCAR 1
ESPERAR 300
KGS white.png
ESPERAR 700


KGS stim_linea_vertical.jpg
MARCAR 2
ESPERAR 300
KGS white.png
ESPERAR 700


KGS stim_linea_horizontal.jpg
MARCAR 1
ESPERAR 300
KGS white.png
ESPERAR 700


KGS stim_linea_vertical.jpg
MARCAR 2
ESPERAR 300
KGS white.png
ESPERAR 700


KGS stim_linea_horizontal.jpg
MARCAR 1
ESPERAR 300
KGS white.png
ESPERAR 700


KGS stim_linea_vertical.jpg
MARCAR 2
ESPERAR 300
KGS white.png
ESPERAR 700


KGS stim_linea_horizontal.jpg
MARCAR 1
ESPERAR 300
KGS white.png
ESPERAR 700


KGS stim_linea_vertical.jpg
MARCAR 2
ESPERAR 300
KGS white.png
ESPERAR 700


KGS stim_linea_horizontal.jpg
MARCAR 1
ESPERAR 300
KGS white.png
ESPERAR 700


KGS stim_linea_vertical.jpg
MARCAR 2
ESPERAR 300
KGS white.png
ESPERAR 700


KGS stim_linea_horizontal.jpg
MARCAR 1
ESPERAR 300
KGS white.png
ESPERAR 700


KGS stim_linea_vertical.jpg
MARCAR 2
ESPERAR 300
KGS white.png
ESPERAR 700


KGS stim_linea_horizontal.jpg
MARCAR 1
ESPERAR 300
KGS white.png
ESPERAR 700


KGS stim_linea_vertical.jpg
MARCAR 2
ESPERAR 300
KGS white.png
ESPERAR 700


KGS stim_linea_horizontal.jpg
MARCAR 1
ESPERAR 300
KGS white.png
ESPERAR 700


KGS stim_linea_vertical.jpg
MARCAR 2
ESPERAR 300
KGS white.png
ESPERAR 700


KGS stim_linea_horizontal.jpg
MARCAR 1
ESPERAR 300
KGS white.png
ESPERAR 700


KGS stim_linea_vertical.jpg
MARCAR 2
ESPERAR 300
KGS white.png
ESPERAR 700


KGS stim_linea_horizontal.jpg
MARCAR 1
ESPERAR 300
KGS white.png
ESPERAR 700


KGS stim_linea_vertical.jpg
MARCAR 2
ESPERAR 300
KGS white.png
ESPERAR 700


KGS stim_linea_horizontal.jpg
MARCAR 1
ESPERAR 300
KGS white.png
ESPERAR 700


KGS stim_linea_vertical.jpg
MARCAR 2
ESPERAR 300
KGS white.png
ESPERAR 700


KGS stim_linea_horizontal.jpg
MARCAR 1
ESPERAR 300
KGS white.png
ESPERAR 700


KGS stim_linea_vertical.jpg
MARCAR 2
ESPERAR 300
KGS white.png
ESPERAR 700


KGS stim_linea_horizontal.jpg
MARCAR 1
ESPERAR 300
KGS white.png
ESPERAR 700


KGS stim_linea_vertical.jpg
MARCAR 2
ESPERAR 300
KGS white.png
ESPERAR 700


KGS stim_linea_horizontal.jpg
MARCAR 1
ESPERAR 300
KGS white.png
ESPERAR 700


KGS stim_linea_vertical.jpg
MARCAR 2
ESPERAR 300
KGS white.png
ESPERAR 700


KGS stim_linea_horizontal.jpg
MARCAR 1
ESPERAR 300
KGS white.png
ESPERAR 700


KGS stim_linea_vertical.jpg
MARCAR 2
ESPERAR 300
KGS white.png
ESPERAR 700


KGS stim_linea_horizontal.jpg
MARCAR 1
ESPERAR 300
KGS white.png
ESPERAR 700


KGS stim_linea_vertical.jpg
MARCAR 2
ESPERAR 300
KGS white.png
ESPERAR 700


KGS stim_linea_horizontal.jpg
MARCAR 1
ESPERAR 300
KGS white.png
ESPERAR 700


KGS stim_linea_vertical.jpg
MARCAR 2
ESPERAR 300
KGS white.png
ESPERAR 700


KGS stim_linea_horizontal.jpg
MARCAR 1
ESPERAR 300
KGS white.png
ESPERAR 700


KGS stim_linea_vertical.jpg
MARCAR 2
ESPERAR 300
KGS white.png
ESPERAR 700


KGS stim_linea_horizontal.jpg
MARCAR 1
ESPERAR 300
KGS white.png
ESPERAR 700


KGS stim_linea_vertical.jpg
MARCAR 2
ESPERAR 300
KGS white.png
ESPERAR 700


KGS stim_linea_horizontal.jpg
MARCAR 1
ESPERAR 300
KGS white.png
ESPERAR 700


KGS stim_linea_vertical.jpg
MARCAR 2
ESPERAR 300
KGS white.png
ESPERAR 700


KGS stim_linea_horizontal.jpg
MARCAR 1
ESPERAR 300
KGS white.png
ESPERAR 700


KGS stim_linea_vertical.jpg
MARCAR 2
ESPERAR 300
KGS white.png
ESPERAR 700


KGS stim_linea_horizontal.jpg
MARCAR 1
ESPERAR 300
KGS white.png
ESPERAR 700


KGS stim_linea_vertical.jpg
MARCAR 2
ESPERAR 300
KGS white.png
ESPERAR 700


KGS stim_linea_horizontal.jpg
MARCAR 1
ESPERAR 300
KGS white.png
ESPERAR 700


KGS stim_linea_vertical.jpg
MARCAR 2
ESPERAR 300
KGS white.png
ESPERAR 700


KGS stim_linea_horizontal.jpg
MARCAR 1
ESPERAR 300
KGS white.png
ESPERAR 700


KGS stim_linea_vertical.jpg
MARCAR 2
ESPERAR 300
KGS white.png
ESPERAR 700


KGS stim_linea_horizontal.jpg
MARCAR 1
ESPERAR 300
KGS white.png
ESPERAR 700


KGS stim_linea_vertical.jpg
MARCAR 2
ESPERAR 300
KGS white.png
ESPERAR 700


KGS stim_linea_horizontal.jpg
MARCAR 1
ESPERAR 300
KGS white.png
ESPERAR 700


KGS stim_linea_vertical.jpg
MARCAR 2
ESPERAR 300
KGS white.png
ESPERAR 700


KGS stim_linea_horizontal.jpg
MARCAR 1
ESPERAR 300
KGS white.png
ESPERAR 700


KGS stim_linea_vertical.jpg
MARCAR 2
ESPERAR 300
KGS white.png
ESPERAR 700


KGS stim_linea_horizontal.jpg
MARCAR 1
ESPERAR 300
KGS white.png
ESPERAR 700


KGS stim_linea_vertical.jpg
MARCAR 2
ESPERAR 300
KGS white.png
ESPERAR 700


KGS stim_linea_horizontal.jpg
MARCAR 1
ESPERAR 300
KGS white.png
ESPERAR 700


KGS stim_linea_vertical.jpg
MARCAR 2
ESPERAR 300
KGS white.png
ESPERAR 700


KGS stim_linea_horizontal.jpg
MARCAR 1
ESPERAR 300
KGS white.png
ESPERAR 700


KGS stim_linea_vertical.jpg
MARCAR 2
ESPERAR 300
KGS white.png
ESPERAR 700


KGS stim_linea_horizontal.jpg
MARCAR 1
ESPERAR 300
KGS white.png
ESPERAR 700


KGS stim_linea_vertical.jpg
MARCAR 2
ESPERAR 300
KGS white.png
ESPERAR 700


KGS stim_linea_horizontal.jpg
MARCAR 1
ESPERAR 300
KGS white.png
ESPERAR 700


KGS stim_linea_vertical.jpg
MARCAR 2
ESPERAR 300
KGS white.png
ESPERAR 700


KGS stim_linea_horizontal.jpg
MARCAR 1
ESPERAR 300
KGS white.png
ESPERAR 700


KGS stim_linea_vertical.jpg
MARCAR 2
ESPERAR 300
KGS white.png
ESPERAR 700


KGS stim_linea_horizontal.jpg
MARCAR 1
ESPERAR 300
KGS white.png
ESPERAR 700


KGS stim_linea_vertical.jpg
MARCAR 2
ESPERAR 300
KGS white.png
ESPERAR 700


KGS stim_linea_horizontal.jpg
MARCAR 1
ESPERAR 300
KGS white.png
ESPERAR 700


KGS stim_linea_vertical.jpg
MARCAR 2
ESPERAR 300
KGS white.png
ESPERAR 700


KGS stim_linea_horizontal.jpg
MARCAR 1
ESPERAR 300
KGS white.png
ESPERAR 700


KGS stim_linea_vertical.jpg
MARCAR 2
ESPERAR 300
KGS white.png
ESPERAR 700


KGS stim_linea_horizontal.jpg
MARCAR 1
ESPERAR 300
KGS white.png
ESPERAR 700


KGS stim_linea_vertical.jpg
MARCAR 2
ESPERAR 300
KGS white.png
ESPERAR 700


KGS stim_linea_horizontal.jpg
MARCAR 1
ESPERAR 300
KGS white.png
ESPERAR 700


KGS stim_linea_vertical.jpg
MARCAR 2
ESPERAR 300
KGS white.png
ESPERAR 700


KGS stim_linea_horizontal.jpg
MARCAR 1
ESPERAR 300
KGS white.png
ESPERAR 700


KGS stim_linea_vertical.jpg
MARCAR 2
ESPERAR 300
KGS white.png
ESPERAR 700


KGS stim_linea_horizontal.jpg
MARCAR 1
ESPERAR 300
KGS white.png
ESPERAR 700


KGS stim_linea_vertical.jpg
MARCAR 2
ESPERAR 300
KGS white.png
ESPERAR 700


KGS stim_linea_horizontal.jpg
MARCAR 1
ESPERAR 300
KGS white.png
ESPERAR 700


KGS stim_linea_vertical.jpg
MARCAR 2
ESPERAR 300
KGS white.png
ESPERAR 700


KGS stim_linea_horizontal.jpg
MARCAR 1
ESPERAR 300
KGS white.png
ESPERAR 700


KGS stim_linea_vertical.jpg
MARCAR 2
ESPERAR 300
KGS white.png
ESPERAR 700


KGS stim_linea_horizontal.jpg
MARCAR 1
ESPERAR 300
KGS white.png
ESPERAR 700


KGS stim_linea_vertical.jpg
MARCAR 2
ESPERAR 300
KGS white.png
ESPERAR 700


KGS stim_linea_horizontal.jpg
MARCAR 1
ESPERAR 300
KGS white.png
ESPERAR 700


KGS stim_linea_vertical.jpg
MARCAR 2
ESPERAR 300
KGS white.png
ESPERAR 700


KGS stim_linea_horizontal.jpg
MARCAR 1
ESPERAR 300
KGS white.png
ESPERAR 700


KGS stim_linea_vertical.jpg
MARCAR 2
ESPERAR 300
KGS white.png
ESPERAR 700


KGS stim_linea_horizontal.jpg
MARCAR 1
ESPERAR 300
KGS white.png
ESPERAR 700


KGS stim_linea_vertical.jpg
MARCAR 2
ESPERAR 300
KGS white.png
ESPERAR 700


KGS stim_linea_horizontal.jpg
MARCAR 1
ESPERAR 300
KGS white.png
ESPERAR 700


KGS stim_linea_vertical.jpg
MARCAR 2
ESPERAR 300
KGS white.png
ESPERAR 700


KGS stim_linea_horizontal.jpg
MARCAR 1
ESPERAR 300
KGS white.png
ESPERAR 700


KGS stim_linea_vertical.jpg
MARCAR 2
ESPERAR 300
KGS white.png
ESPERAR 700


